<?xml version="1.0" encoding="utf-8"?>
<TestRun id="bebdb8d3-8d9a-4d2f-932d-fc78d725fd36" name="@MB-JVV9WT2VJM 2026-10-05 23:41:42" xmlns="http://microsoft.com/schemas/VisualStudio/TeamTest/2010">
  <Times creation="2026-10-05T23:41:42.9899000+02:00" queuing="2026-10-05T23:41:42.9899000+02:00" start="2026-10-05T23:41:41.2773550+02:00" finish="2026-10-05T23:41:45.7901970+02:00" />
  <TestSettings name="default" id="9fec4e37-1de9-4654-a84c-628f346038cf">
    <Deployment runDeploymentRoot="_MB-JVV9WT2VJM_2026-10-05_23_41_42" />
  </TestSettings>
  <Results>
    <UnitTestResult executionId="bf0b970b-1c87-4514-a7da-1b59f5c32862" testId="3bde27f0-0355-d725-d49d-69d732c6d243" testName="Jellyfin.Plugin.AetherAnalysis.Tests.DraftServerAnalysisRunnerTests.RealSharedBundleProducesValidatedCompositionThroughTheHostAdapter(profile: &quot;second-default&quot;, targetVersion: &quot;1.2.0-draft&quot;)" computerName="MB-JVV9WT2VJM" duration="00:00:00.6191835" startTime="2026-10-05T23:41:43.5140030+02:00" endTime="2026-10-05T23:41:44.1328900+02:00" testType="13cdc9d9-ddb5-4fa4-a97d-d965ccfc6d4b" outcome="Passed" testListId="8c84fa94-04c1-424b-9868-57a2d4851a1d" relativeResultsDirectory="bf0b970b-1c87-4514-a7da-1b59f5c32862" />
    <UnitTestResult executionId="167f6fe0-cef6-49a7-b4c5-e27bf66ab770" testId="488228de-ec1c-10cf-3069-1ac8655c64c3" testName="Jellyfin.Plugin.AetherAnalysis.Tests.DraftServerAnalysisRunnerTests.RealSharedBundleProducesValidatedCompositionThroughTheHostAdapter(profile: &quot;available&quot;, targetVersion: &quot;1.2.0-draft&quot;)" computerName="MB-JVV9WT2VJM" duration="00:00:00.6026293" startTime="2026-10-05T23:41:45.1635490+02:00" endTime="2026-10-05T23:41:45.7662190+02:00" testType="13cdc9d9-ddb5-4fa4-a97d-d965ccfc6d4b" outcome="Passed" testListId="8c84fa94-04c1-424b-9868-57a2d4851a1d" relativeResultsDirectory="167f6fe0-cef6-49a7-b4c5-e27bf66ab770" />
    <UnitTestResult executionId="4d602a79-92b4-49d1-92da-9b895fc23943" testId="940ac5ef-11ed-0ef6-b056-0a81646cd7b6" testName="Jellyfin.Plugin.AetherAnalysis.Tests.DraftServerAnalysisRunnerTests.RealSharedBundleProducesValidatedCompositionThroughTheHostAdapter(profile: &quot;no-track&quot;, targetVersion: &quot;1.2.0&quot;)" computerName="MB-JVV9WT2VJM" duration="00:00:00.5146358" startTime="2026-10-05T23:41:44.1330550+02:00" endTime="2026-10-05T23:41:44.6476860+02:00" testType="13cdc9d9-ddb5-4fa4-a97d-d965ccfc6d4b" outcome="Passed" testListId="8c84fa94-04c1-424b-9868-57a2d4851a1d" relativeResultsDirectory="4d602a79-92b4-49d1-92da-9b895fc23943" />
    <UnitTestResult executionId="358c4107-e95d-4f2c-87e6-12a2ea404415" testId="b03b3a08-a4bd-d713-e900-25e633576761" testName="Jellyfin.Plugin.AetherAnalysis.Tests.DraftServerAnalysisRunnerTests.RealSharedBundleProducesValidatedCompositionThroughTheHostAdapter(profile: &quot;available&quot;, targetVersion: &quot;1.2.0&quot;)" computerName="MB-JVV9WT2VJM" duration="00:00:00.5961045" startTime="2026-10-05T23:41:42.9203560+02:00" endTime="2026-10-05T23:41:43.5135590+02:00" testType="13cdc9d9-ddb5-4fa4-a97d-d965ccfc6d4b" outcome="Passed" testListId="8c84fa94-04c1-424b-9868-57a2d4851a1d" relativeResultsDirectory="358c4107-e95d-4f2c-87e6-12a2ea404415" />
    <UnitTestResult executionId="2a64893f-5d92-426f-b0d6-e4c393bd8fc0" testId="75d47d75-2f01-4d1d-dd70-8e01d1d6e9c8" testName="Jellyfin.Plugin.AetherAnalysis.Tests.DraftServerAnalysisRunnerTests.RealSharedBundleProducesValidatedCompositionThroughTheHostAdapter(profile: &quot;no-track&quot;, targetVersion: &quot;1.2.0-draft&quot;)" computerName="MB-JVV9WT2VJM" duration="00:00:00.5155791" startTime="2026-10-05T23:41:44.6477990+02:00" endTime="2026-10-05T23:41:45.1634340+02:00" testType="13cdc9d9-ddb5-4fa4-a97d-d965ccfc6d4b" outcome="Passed" testListId="8c84fa94-04c1-424b-9868-57a2d4851a1d" relativeResultsDirectory="2a64893f-5d92-426f-b0d6-e4c393bd8fc0" />
    <UnitTestResult executionId="ac64effb-b9b0-41a9-89b4-205be58afc8d" testId="d107670a-94e7-bd84-fb59-ab893366e853" testName="Jellyfin.Plugin.AetherAnalysis.Tests.DraftServerAnalysisRunnerTests.RealSharedBundleProducesValidatedCompositionThroughTheHostAdapter(profile: &quot;second-default&quot;, targetVersion: &quot;1.2.0&quot;)" computerName="MB-JVV9WT2VJM" duration="00:00:01.3267929" startTime="2026-10-05T23:41:41.5874560+02:00" endTime="2026-10-05T23:41:42.9171190+02:00" testType="13cdc9d9-ddb5-4fa4-a97d-d965ccfc6d4b" outcome="Passed" testListId="8c84fa94-04c1-424b-9868-57a2d4851a1d" relativeResultsDirectory="ac64effb-b9b0-41a9-89b4-205be58afc8d" />
  </Results>
  <TestDefinitions>
    <UnitTest name="Jellyfin.Plugin.AetherAnalysis.Tests.DraftServerAnalysisRunnerTests.RealSharedBundleProducesValidatedCompositionThroughTheHostAdapter(profile: &quot;available&quot;, targetVersion: &quot;1.2.0&quot;)" storage="/users/marc.bauer/developer/aether-jellyfin-analysis-plugin/tests/jellyfin.plugin.aetheranalysis.tests/bin/debug/net10.0/jellyfin.plugin.aetheranalysis.tests.dll" id="b03b3a08-a4bd-d713-e900-25e633576761">
      <Execution id="358c4107-e95d-4f2c-87e6-12a2ea404415" />
      <TestMethod codeBase="/Users/Marc.Bauer/Developer/aether-jellyfin-analysis-plugin/tests/Jellyfin.Plugin.AetherAnalysis.Tests/bin/Debug/net10.0/Jellyfin.Plugin.AetherAnalysis.Tests.dll" adapterTypeName="executor://xunit/VsTestRunner3/netcore/" className="Jellyfin.Plugin.AetherAnalysis.Tests.DraftServerAnalysisRunnerTests" name="RealSharedBundleProducesValidatedCompositionThroughTheHostAdapter" />
    </UnitTest>
    <UnitTest name="Jellyfin.Plugin.AetherAnalysis.Tests.DraftServerAnalysisRunnerTests.RealSharedBundleProducesValidatedCompositionThroughTheHostAdapter(profile: &quot;no-track&quot;, targetVersion: &quot;1.2.0&quot;)" storage="/users/marc.bauer/developer/aether-jellyfin-analysis-plugin/tests/jellyfin.plugin.aetheranalysis.tests/bin/debug/net10.0/jellyfin.plugin.aetheranalysis.tests.dll" id="940ac5ef-11ed-0ef6-b056-0a81646cd7b6">
      <Execution id="4d602a79-92b4-49d1-92da-9b895fc23943" />
      <TestMethod codeBase="/Users/Marc.Bauer/Developer/aether-jellyfin-analysis-plugin/tests/Jellyfin.Plugin.AetherAnalysis.Tests/bin/Debug/net10.0/Jellyfin.Plugin.AetherAnalysis.Tests.dll" adapterTypeName="executor://xunit/VsTestRunner3/netcore/" className="Jellyfin.Plugin.AetherAnalysis.Tests.DraftServerAnalysisRunnerTests" name="RealSharedBundleProducesValidatedCompositionThroughTheHostAdapter" />
    </UnitTest>
    <UnitTest name="Jellyfin.Plugin.AetherAnalysis.Tests.DraftServerAnalysisRunnerTests.RealSharedBundleProducesValidatedCompositionThroughTheHostAdapter(profile: &quot;second-default&quot;, targetVersion: &quot;1.2.0&quot;)" storage="/users/marc.bauer/developer/aether-jellyfin-analysis-plugin/tests/jellyfin.plugin.aetheranalysis.tests/bin/debug/net10.0/jellyfin.plugin.aetheranalysis.tests.dll" id="d107670a-94e7-bd84-fb59-ab893366e853">
      <Execution id="ac64effb-b9b0-41a9-89b4-205be58afc8d" />
      <TestMethod codeBase="/Users/Marc.Bauer/Developer/aether-jellyfin-analysis-plugin/tests/Jellyfin.Plugin.AetherAnalysis.Tests/bin/Debug/net10.0/Jellyfin.Plugin.AetherAnalysis.Tests.dll" adapterTypeName="executor://xunit/VsTestRunner3/netcore/" className="Jellyfin.Plugin.AetherAnalysis.Tests.DraftServerAnalysisRunnerTests" name="RealSharedBundleProducesValidatedCompositionThroughTheHostAdapter" />
    </UnitTest>
    <UnitTest name="Jellyfin.Plugin.AetherAnalysis.Tests.DraftServerAnalysisRunnerTests.RealSharedBundleProducesValidatedCompositionThroughTheHostAdapter(profile: &quot;available&quot;, targetVersion: &quot;1.2.0-draft&quot;)" storage="/users/marc.bauer/developer/aether-jellyfin-analysis-plugin/tests/jellyfin.plugin.aetheranalysis.tests/bin/debug/net10.0/jellyfin.plugin.aetheranalysis.tests.dll" id="488228de-ec1c-10cf-3069-1ac8655c64c3">
      <Execution id="167f6fe0-cef6-49a7-b4c5-e27bf66ab770" />
      <TestMethod codeBase="/Users/Marc.Bauer/Developer/aether-jellyfin-analysis-plugin/tests/Jellyfin.Plugin.AetherAnalysis.Tests/bin/Debug/net10.0/Jellyfin.Plugin.AetherAnalysis.Tests.dll" adapterTypeName="executor://xunit/VsTestRunner3/netcore/" className="Jellyfin.Plugin.AetherAnalysis.Tests.DraftServerAnalysisRunnerTests" name="RealSharedBundleProducesValidatedCompositionThroughTheHostAdapter" />
    </UnitTest>
    <UnitTest name="Jellyfin.Plugin.AetherAnalysis.Tests.DraftServerAnalysisRunnerTests.RealSharedBundleProducesValidatedCompositionThroughTheHostAdapter(profile: &quot;second-default&quot;, targetVersion: &quot;1.2.0-draft&quot;)" storage="/users/marc.bauer/developer/aether-jellyfin-analysis-plugin/tests/jellyfin.plugin.aetheranalysis.tests/bin/debug/net10.0/jellyfin.plugin.aetheranalysis.tests.dll" id="3bde27f0-0355-d725-d49d-69d732c6d243">
      <Execution id="bf0b970b-1c87-4514-a7da-1b59f5c32862" />
      <TestMethod codeBase="/Users/Marc.Bauer/Developer/aether-jellyfin-analysis-plugin/tests/Jellyfin.Plugin.AetherAnalysis.Tests/bin/Debug/net10.0/Jellyfin.Plugin.AetherAnalysis.Tests.dll" adapterTypeName="executor://xunit/VsTestRunner3/netcore/" className="Jellyfin.Plugin.AetherAnalysis.Tests.DraftServerAnalysisRunnerTests" name="RealSharedBundleProducesValidatedCompositionThroughTheHostAdapter" />
    </UnitTest>
    <UnitTest name="Jellyfin.Plugin.AetherAnalysis.Tests.DraftServerAnalysisRunnerTests.RealSharedBundleProducesValidatedCompositionThroughTheHostAdapter(profile: &quot;no-track&quot;, targetVersion: &quot;1.2.0-draft&quot;)" storage="/users/marc.bauer/developer/aether-jellyfin-analysis-plugin/tests/jellyfin.plugin.aetheranalysis.tests/bin/debug/net10.0/jellyfin.plugin.aetheranalysis.tests.dll" id="75d47d75-2f01-4d1d-dd70-8e01d1d6e9c8">
      <Execution id="2a64893f-5d92-426f-b0d6-e4c393bd8fc0" />
      <TestMethod codeBase="/Users/Marc.Bauer/Developer/aether-jellyfin-analysis-plugin/tests/Jellyfin.Plugin.AetherAnalysis.Tests/bin/Debug/net10.0/Jellyfin.Plugin.AetherAnalysis.Tests.dll" adapterTypeName="executor://xunit/VsTestRunner3/netcore/" className="Jellyfin.Plugin.AetherAnalysis.Tests.DraftServerAnalysisRunnerTests" name="RealSharedBundleProducesValidatedCompositionThroughTheHostAdapter" />
    </UnitTest>
  </TestDefinitions>
  <TestEntries>
    <TestEntry testId="3bde27f0-0355-d725-d49d-69d732c6d243" executionId="bf0b970b-1c87-4514-a7da-1b59f5c32862" testListId="8c84fa94-04c1-424b-9868-57a2d4851a1d" />
    <TestEntry testId="488228de-ec1c-10cf-3069-1ac8655c64c3" executionId="167f6fe0-cef6-49a7-b4c5-e27bf66ab770" testListId="8c84fa94-04c1-424b-9868-57a2d4851a1d" />
    <TestEntry testId="940ac5ef-11ed-0ef6-b056-0a81646cd7b6" executionId="4d602a79-92b4-49d1-92da-9b895fc23943" testListId="8c84fa94-04c1-424b-9868-57a2d4851a1d" />
    <TestEntry testId="b03b3a08-a4bd-d713-e900-25e633576761" executionId="358c4107-e95d-4f2c-87e6-12a2ea404415" testListId="8c84fa94-04c1-424b-9868-57a2d4851a1d" />
    <TestEntry testId="75d47d75-2f01-4d1d-dd70-8e01d1d6e9c8" executionId="2a64893f-5d92-426f-b0d6-e4c393bd8fc0" testListId="8c84fa94-04c1-424b-9868-57a2d4851a1d" />
    <TestEntry testId="d107670a-94e7-bd84-fb59-ab893366e853" executionId="ac64effb-b9b0-41a9-89b4-205be58afc8d" testListId="8c84fa94-04c1-424b-9868-57a2d4851a1d" />
  </TestEntries>
  <TestLists>
    <TestList name="Ergebnisse nicht in einer Liste" id="8c84fa94-04c1-424b-9868-57a2d4851a1d" />
    <TestList name="Alle geladenen Ergebnisse" id="19431567-8539-422a-85d7-44ee4e166bda" />
  </TestLists>
  <ResultSummary outcome="Completed">
    <Counters total="6" executed="6" passed="6" failed="0" error="0" timeout="0" aborted="0" inconclusive="0" passedButRunAborted="0" notRunnable="0" notExecuted="0" disconnected="0" warning="0" completed="0" inProgress="0" pending="0" />
    <Output>
      <StdOut>[xUnit.net 00:00:00.00] xUnit.net VSTest Adapter v3.1.5+1b188a7b0a (64-bit .NET 10.0.11)
[xUnit.net 00:00:00.04]   Discovering: Jellyfin.Plugin.AetherAnalysis.Tests
[xUnit.net 00:00:00.08]   Discovered:  Jellyfin.Plugin.AetherAnalysis.Tests
[xUnit.net 00:00:00.09]   Starting:    Jellyfin.Plugin.AetherAnalysis.Tests
[xUnit.net 00:00:04.28]   Finished:    Jellyfin.Plugin.AetherAnalysis.Tests
</StdOut>
    </Output>
  </ResultSummary>
</TestRun>