<?xml version="1.0" encoding="utf-8"?>
<TestRun id="4ce9e19e-3924-4307-9882-f3310f20b08b" name="@MB-JVV9WT2VJM 2026-10-05 23:42:28" xmlns="http://microsoft.com/schemas/VisualStudio/TeamTest/2010">
  <Times creation="2026-10-05T23:42:28.2060110+02:00" queuing="2026-10-05T23:42:28.2060110+02:00" start="2026-10-05T23:42:26.5171160+02:00" finish="2026-10-05T23:42:29.9639660+02:00" />
  <TestSettings name="default" id="c8744273-6ce7-4629-90cd-430670b23537">
    <Deployment runDeploymentRoot="_MB-JVV9WT2VJM_2026-10-05_23_42_28" />
  </TestSettings>
  <Results>
    <UnitTestResult executionId="3818d5d9-d894-42d1-a358-f3e346b678d3" testId="3bde27f0-0355-d725-d49d-69d732c6d243" testName="Jellyfin.Plugin.AetherAnalysis.Tests.DraftServerAnalysisRunnerTests.RealSharedBundleProducesValidatedCompositionThroughTheHostAdapter(profile: &quot;second-default&quot;, targetVersion: &quot;1.2.0-draft&quot;)" computerName="MB-JVV9WT2VJM" duration="00:00:00.3881790" startTime="2026-10-05T23:42:28.0220750+02:00" endTime="2026-10-05T23:42:28.4099800+02:00" testType="13cdc9d9-ddb5-4fa4-a97d-d965ccfc6d4b" outcome="Failed" testListId="8c84fa94-04c1-424b-9868-57a2d4851a1d" relativeResultsDirectory="3818d5d9-d894-42d1-a358-f3e346b678d3">
      <Output>
        <ErrorInfo>
          <Message>System.IO.InvalidDataException : legacy-counters</Message>
          <StackTrace>   at Jellyfin.Plugin.AetherAnalysis.Application.Draft.DraftAnalysisArtifactValidator.Check(Boolean condition, String error)
   at Jellyfin.Plugin.AetherAnalysis.Application.Draft.DraftAnalysisArtifactValidator.Legacy(JsonElement audio, DraftArtifactContext context)
   at Jellyfin.Plugin.AetherAnalysis.Application.Draft.DraftAnalysisArtifactValidator.Audio(JsonElement audio, JsonElement representation, JsonElement provenance, DraftArtifactContext context, String revision)
   at Jellyfin.Plugin.AetherAnalysis.Application.Draft.DraftAnalysisArtifactValidator.Validate(ReadOnlyMemory`1 json, DraftArtifactContext context, String expectedMode)
   at Jellyfin.Plugin.AetherAnalysis.Application.Draft.DraftAnalysisCompositionSession.StageAsync(String mode, Stream input, CancellationToken cancellationToken)
   at Jellyfin.Plugin.AetherAnalysis.Application.Draft.DraftServerAnalysisRunner.AnalyzeCoreAsync(Guid itemId, String mediaSourceId, Nullable`1 requestedFfmpegStreamIndex, Boolean recalculate, CancellationToken cancellationToken)
   at Jellyfin.Plugin.AetherAnalysis.Application.Draft.DraftServerAnalysisRunner.AnalyzeCoreAsync(Guid itemId, String mediaSourceId, Nullable`1 requestedFfmpegStreamIndex, Boolean recalculate, CancellationToken cancellationToken)
   at Jellyfin.Plugin.AetherAnalysis.Application.Draft.DraftServerAnalysisRunner.AnalyzeCoreAsync(Guid itemId, String mediaSourceId, Nullable`1 requestedFfmpegStreamIndex, Boolean recalculate, CancellationToken cancellationToken)
   at Jellyfin.Plugin.AetherAnalysis.Tests.DraftServerAnalysisRunnerTests.RealSharedBundleProducesValidatedCompositionThroughTheHostAdapter(String profile, String targetVersion) in /private/tmp/claude-501/-Users-Marc-Bauer-Developer-aether-jellyfin-analysis-plugin/61a4b61b-0cfc-4ec1-a587-c23f101e2b45/scratchpad/wt-main/tests/Jellyfin.Plugin.AetherAnalysis.Tests/DraftServerAnalysisRunnerTests.cs:line 476
   at Jellyfin.Plugin.AetherAnalysis.Tests.DraftServerAnalysisRunnerTests.RealSharedBundleProducesValidatedCompositionThroughTheHostAdapter(String profile, String targetVersion) in /private/tmp/claude-501/-Users-Marc-Bauer-Developer-aether-jellyfin-analysis-plugin/61a4b61b-0cfc-4ec1-a587-c23f101e2b45/scratchpad/wt-main/tests/Jellyfin.Plugin.AetherAnalysis.Tests/DraftServerAnalysisRunnerTests.cs:line 499
--- End of stack trace from previous location ---</StackTrace>
        </ErrorInfo>
      </Output>
    </UnitTestResult>
    <UnitTestResult executionId="05cc31d0-a065-4b1d-9574-6d11e026f7db" testId="75d47d75-2f01-4d1d-dd70-8e01d1d6e9c8" testName="Jellyfin.Plugin.AetherAnalysis.Tests.DraftServerAnalysisRunnerTests.RealSharedBundleProducesValidatedCompositionThroughTheHostAdapter(profile: &quot;no-track&quot;, targetVersion: &quot;1.2.0-draft&quot;)" computerName="MB-JVV9WT2VJM" duration="00:00:00.5226834" startTime="2026-10-05T23:42:29.0764550+02:00" endTime="2026-10-05T23:42:29.5984230+02:00" testType="13cdc9d9-ddb5-4fa4-a97d-d965ccfc6d4b" outcome="Passed" testListId="8c84fa94-04c1-424b-9868-57a2d4851a1d" relativeResultsDirectory="05cc31d0-a065-4b1d-9574-6d11e026f7db" />
    <UnitTestResult executionId="fee75294-2e91-4ee5-ae1c-f5b465fd49ba" testId="b03b3a08-a4bd-d713-e900-25e633576761" testName="Jellyfin.Plugin.AetherAnalysis.Tests.DraftServerAnalysisRunnerTests.RealSharedBundleProducesValidatedCompositionThroughTheHostAdapter(profile: &quot;available&quot;, targetVersion: &quot;1.2.0&quot;)" computerName="MB-JVV9WT2VJM" duration="00:00:00.3947300" startTime="2026-10-05T23:42:27.6316140+02:00" endTime="2026-10-05T23:42:28.0212060+02:00" testType="13cdc9d9-ddb5-4fa4-a97d-d965ccfc6d4b" outcome="Failed" testListId="8c84fa94-04c1-424b-9868-57a2d4851a1d" relativeResultsDirectory="fee75294-2e91-4ee5-ae1c-f5b465fd49ba">
      <Output>
        <ErrorInfo>
          <Message>System.IO.InvalidDataException : legacy-counters</Message>
          <StackTrace>   at Jellyfin.Plugin.AetherAnalysis.Application.Draft.DraftAnalysisArtifactValidator.Check(Boolean condition, String error)
   at Jellyfin.Plugin.AetherAnalysis.Application.Draft.DraftAnalysisArtifactValidator.Legacy(JsonElement audio, DraftArtifactContext context)
   at Jellyfin.Plugin.AetherAnalysis.Application.Draft.DraftAnalysisArtifactValidator.Audio(JsonElement audio, JsonElement representation, JsonElement provenance, DraftArtifactContext context, String revision)
   at Jellyfin.Plugin.AetherAnalysis.Application.Draft.DraftAnalysisArtifactValidator.Validate(ReadOnlyMemory`1 json, DraftArtifactContext context, String expectedMode)
   at Jellyfin.Plugin.AetherAnalysis.Application.Draft.DraftAnalysisCompositionSession.StageAsync(String mode, Stream input, CancellationToken cancellationToken)
   at Jellyfin.Plugin.AetherAnalysis.Application.Draft.DraftServerAnalysisRunner.AnalyzeCoreAsync(Guid itemId, String mediaSourceId, Nullable`1 requestedFfmpegStreamIndex, Boolean recalculate, CancellationToken cancellationToken)
   at Jellyfin.Plugin.AetherAnalysis.Application.Draft.DraftServerAnalysisRunner.AnalyzeCoreAsync(Guid itemId, String mediaSourceId, Nullable`1 requestedFfmpegStreamIndex, Boolean recalculate, CancellationToken cancellationToken)
   at Jellyfin.Plugin.AetherAnalysis.Application.Draft.DraftServerAnalysisRunner.AnalyzeCoreAsync(Guid itemId, String mediaSourceId, Nullable`1 requestedFfmpegStreamIndex, Boolean recalculate, CancellationToken cancellationToken)
   at Jellyfin.Plugin.AetherAnalysis.Tests.DraftServerAnalysisRunnerTests.RealSharedBundleProducesValidatedCompositionThroughTheHostAdapter(String profile, String targetVersion) in /private/tmp/claude-501/-Users-Marc-Bauer-Developer-aether-jellyfin-analysis-plugin/61a4b61b-0cfc-4ec1-a587-c23f101e2b45/scratchpad/wt-main/tests/Jellyfin.Plugin.AetherAnalysis.Tests/DraftServerAnalysisRunnerTests.cs:line 476
   at Jellyfin.Plugin.AetherAnalysis.Tests.DraftServerAnalysisRunnerTests.RealSharedBundleProducesValidatedCompositionThroughTheHostAdapter(String profile, String targetVersion) in /private/tmp/claude-501/-Users-Marc-Bauer-Developer-aether-jellyfin-analysis-plugin/61a4b61b-0cfc-4ec1-a587-c23f101e2b45/scratchpad/wt-main/tests/Jellyfin.Plugin.AetherAnalysis.Tests/DraftServerAnalysisRunnerTests.cs:line 499
--- End of stack trace from previous location ---</StackTrace>
        </ErrorInfo>
      </Output>
    </UnitTestResult>
    <UnitTestResult executionId="9eb2f6b8-1e76-49ca-83ab-aef53c3cb85c" testId="d107670a-94e7-bd84-fb59-ab893366e853" testName="Jellyfin.Plugin.AetherAnalysis.Tests.DraftServerAnalysisRunnerTests.RealSharedBundleProducesValidatedCompositionThroughTheHostAdapter(profile: &quot;second-default&quot;, targetVersion: &quot;1.2.0&quot;)" computerName="MB-JVV9WT2VJM" duration="00:00:00.8308512" startTime="2026-10-05T23:42:26.7887610+02:00" endTime="2026-10-05T23:42:27.6258700+02:00" testType="13cdc9d9-ddb5-4fa4-a97d-d965ccfc6d4b" outcome="Failed" testListId="8c84fa94-04c1-424b-9868-57a2d4851a1d" relativeResultsDirectory="9eb2f6b8-1e76-49ca-83ab-aef53c3cb85c">
      <Output>
        <ErrorInfo>
          <Message>System.IO.InvalidDataException : legacy-counters</Message>
          <StackTrace>   at Jellyfin.Plugin.AetherAnalysis.Application.Draft.DraftAnalysisArtifactValidator.Check(Boolean condition, String error)
   at Jellyfin.Plugin.AetherAnalysis.Application.Draft.DraftAnalysisArtifactValidator.Legacy(JsonElement audio, DraftArtifactContext context)
   at Jellyfin.Plugin.AetherAnalysis.Application.Draft.DraftAnalysisArtifactValidator.Audio(JsonElement audio, JsonElement representation, JsonElement provenance, DraftArtifactContext context, String revision)
   at Jellyfin.Plugin.AetherAnalysis.Application.Draft.DraftAnalysisArtifactValidator.Validate(ReadOnlyMemory`1 json, DraftArtifactContext context, String expectedMode)
   at Jellyfin.Plugin.AetherAnalysis.Application.Draft.DraftAnalysisCompositionSession.StageAsync(String mode, Stream input, CancellationToken cancellationToken)
   at Jellyfin.Plugin.AetherAnalysis.Application.Draft.DraftServerAnalysisRunner.AnalyzeCoreAsync(Guid itemId, String mediaSourceId, Nullable`1 requestedFfmpegStreamIndex, Boolean recalculate, CancellationToken cancellationToken)
   at Jellyfin.Plugin.AetherAnalysis.Application.Draft.DraftServerAnalysisRunner.AnalyzeCoreAsync(Guid itemId, String mediaSourceId, Nullable`1 requestedFfmpegStreamIndex, Boolean recalculate, CancellationToken cancellationToken)
   at Jellyfin.Plugin.AetherAnalysis.Application.Draft.DraftServerAnalysisRunner.AnalyzeCoreAsync(Guid itemId, String mediaSourceId, Nullable`1 requestedFfmpegStreamIndex, Boolean recalculate, CancellationToken cancellationToken)
   at Jellyfin.Plugin.AetherAnalysis.Tests.DraftServerAnalysisRunnerTests.RealSharedBundleProducesValidatedCompositionThroughTheHostAdapter(String profile, String targetVersion) in /private/tmp/claude-501/-Users-Marc-Bauer-Developer-aether-jellyfin-analysis-plugin/61a4b61b-0cfc-4ec1-a587-c23f101e2b45/scratchpad/wt-main/tests/Jellyfin.Plugin.AetherAnalysis.Tests/DraftServerAnalysisRunnerTests.cs:line 476
   at Jellyfin.Plugin.AetherAnalysis.Tests.DraftServerAnalysisRunnerTests.RealSharedBundleProducesValidatedCompositionThroughTheHostAdapter(String profile, String targetVersion) in /private/tmp/claude-501/-Users-Marc-Bauer-Developer-aether-jellyfin-analysis-plugin/61a4b61b-0cfc-4ec1-a587-c23f101e2b45/scratchpad/wt-main/tests/Jellyfin.Plugin.AetherAnalysis.Tests/DraftServerAnalysisRunnerTests.cs:line 499
--- End of stack trace from previous location ---</StackTrace>
        </ErrorInfo>
      </Output>
    </UnitTestResult>
    <UnitTestResult executionId="c6b7e5fc-518f-45e5-b601-80770ee99596" testId="940ac5ef-11ed-0ef6-b056-0a81646cd7b6" testName="Jellyfin.Plugin.AetherAnalysis.Tests.DraftServerAnalysisRunnerTests.RealSharedBundleProducesValidatedCompositionThroughTheHostAdapter(profile: &quot;no-track&quot;, targetVersion: &quot;1.2.0&quot;)" computerName="MB-JVV9WT2VJM" duration="00:00:00.6653040" startTime="2026-10-05T23:42:28.4106370+02:00" endTime="2026-10-05T23:42:29.0759300+02:00" testType="13cdc9d9-ddb5-4fa4-a97d-d965ccfc6d4b" outcome="Passed" testListId="8c84fa94-04c1-424b-9868-57a2d4851a1d" relativeResultsDirectory="c6b7e5fc-518f-45e5-b601-80770ee99596" />
    <UnitTestResult executionId="63c5f768-f069-4a42-99e6-d92e420f5b07" testId="488228de-ec1c-10cf-3069-1ac8655c64c3" testName="Jellyfin.Plugin.AetherAnalysis.Tests.DraftServerAnalysisRunnerTests.RealSharedBundleProducesValidatedCompositionThroughTheHostAdapter(profile: &quot;available&quot;, targetVersion: &quot;1.2.0-draft&quot;)" computerName="MB-JVV9WT2VJM" duration="00:00:00.3406834" startTime="2026-10-05T23:42:29.5985360+02:00" endTime="2026-10-05T23:42:29.9394930+02:00" testType="13cdc9d9-ddb5-4fa4-a97d-d965ccfc6d4b" outcome="Failed" testListId="8c84fa94-04c1-424b-9868-57a2d4851a1d" relativeResultsDirectory="63c5f768-f069-4a42-99e6-d92e420f5b07">
      <Output>
        <ErrorInfo>
          <Message>System.IO.InvalidDataException : legacy-counters</Message>
          <StackTrace>   at Jellyfin.Plugin.AetherAnalysis.Application.Draft.DraftAnalysisArtifactValidator.Check(Boolean condition, String error)
   at Jellyfin.Plugin.AetherAnalysis.Application.Draft.DraftAnalysisArtifactValidator.Legacy(JsonElement audio, DraftArtifactContext context)
   at Jellyfin.Plugin.AetherAnalysis.Application.Draft.DraftAnalysisArtifactValidator.Audio(JsonElement audio, JsonElement representation, JsonElement provenance, DraftArtifactContext context, String revision)
   at Jellyfin.Plugin.AetherAnalysis.Application.Draft.DraftAnalysisArtifactValidator.Validate(ReadOnlyMemory`1 json, DraftArtifactContext context, String expectedMode)
   at Jellyfin.Plugin.AetherAnalysis.Application.Draft.DraftAnalysisCompositionSession.StageAsync(String mode, Stream input, CancellationToken cancellationToken)
   at Jellyfin.Plugin.AetherAnalysis.Application.Draft.DraftServerAnalysisRunner.AnalyzeCoreAsync(Guid itemId, String mediaSourceId, Nullable`1 requestedFfmpegStreamIndex, Boolean recalculate, CancellationToken cancellationToken)
   at Jellyfin.Plugin.AetherAnalysis.Application.Draft.DraftServerAnalysisRunner.AnalyzeCoreAsync(Guid itemId, String mediaSourceId, Nullable`1 requestedFfmpegStreamIndex, Boolean recalculate, CancellationToken cancellationToken)
   at Jellyfin.Plugin.AetherAnalysis.Application.Draft.DraftServerAnalysisRunner.AnalyzeCoreAsync(Guid itemId, String mediaSourceId, Nullable`1 requestedFfmpegStreamIndex, Boolean recalculate, CancellationToken cancellationToken)
   at Jellyfin.Plugin.AetherAnalysis.Tests.DraftServerAnalysisRunnerTests.RealSharedBundleProducesValidatedCompositionThroughTheHostAdapter(String profile, String targetVersion) in /private/tmp/claude-501/-Users-Marc-Bauer-Developer-aether-jellyfin-analysis-plugin/61a4b61b-0cfc-4ec1-a587-c23f101e2b45/scratchpad/wt-main/tests/Jellyfin.Plugin.AetherAnalysis.Tests/DraftServerAnalysisRunnerTests.cs:line 476
   at Jellyfin.Plugin.AetherAnalysis.Tests.DraftServerAnalysisRunnerTests.RealSharedBundleProducesValidatedCompositionThroughTheHostAdapter(String profile, String targetVersion) in /private/tmp/claude-501/-Users-Marc-Bauer-Developer-aether-jellyfin-analysis-plugin/61a4b61b-0cfc-4ec1-a587-c23f101e2b45/scratchpad/wt-main/tests/Jellyfin.Plugin.AetherAnalysis.Tests/DraftServerAnalysisRunnerTests.cs:line 499
--- End of stack trace from previous location ---</StackTrace>
        </ErrorInfo>
      </Output>
    </UnitTestResult>
  </Results>
  <TestDefinitions>
    <UnitTest name="Jellyfin.Plugin.AetherAnalysis.Tests.DraftServerAnalysisRunnerTests.RealSharedBundleProducesValidatedCompositionThroughTheHostAdapter(profile: &quot;available&quot;, targetVersion: &quot;1.2.0&quot;)" storage="/private/tmp/claude-501/-users-marc-bauer-developer-aether-jellyfin-analysis-plugin/61a4b61b-0cfc-4ec1-a587-c23f101e2b45/scratchpad/wt-main/tests/jellyfin.plugin.aetheranalysis.tests/bin/debug/net10.0/jellyfin.plugin.aetheranalysis.tests.dll" id="b03b3a08-a4bd-d713-e900-25e633576761">
      <Execution id="fee75294-2e91-4ee5-ae1c-f5b465fd49ba" />
      <TestMethod codeBase="/private/tmp/claude-501/-Users-Marc-Bauer-Developer-aether-jellyfin-analysis-plugin/61a4b61b-0cfc-4ec1-a587-c23f101e2b45/scratchpad/wt-main/tests/Jellyfin.Plugin.AetherAnalysis.Tests/bin/Debug/net10.0/Jellyfin.Plugin.AetherAnalysis.Tests.dll" adapterTypeName="executor://xunit/VsTestRunner3/netcore/" className="Jellyfin.Plugin.AetherAnalysis.Tests.DraftServerAnalysisRunnerTests" name="RealSharedBundleProducesValidatedCompositionThroughTheHostAdapter" />
    </UnitTest>
    <UnitTest name="Jellyfin.Plugin.AetherAnalysis.Tests.DraftServerAnalysisRunnerTests.RealSharedBundleProducesValidatedCompositionThroughTheHostAdapter(profile: &quot;no-track&quot;, targetVersion: &quot;1.2.0&quot;)" storage="/private/tmp/claude-501/-users-marc-bauer-developer-aether-jellyfin-analysis-plugin/61a4b61b-0cfc-4ec1-a587-c23f101e2b45/scratchpad/wt-main/tests/jellyfin.plugin.aetheranalysis.tests/bin/debug/net10.0/jellyfin.plugin.aetheranalysis.tests.dll" id="940ac5ef-11ed-0ef6-b056-0a81646cd7b6">
      <Execution id="c6b7e5fc-518f-45e5-b601-80770ee99596" />
      <TestMethod codeBase="/private/tmp/claude-501/-Users-Marc-Bauer-Developer-aether-jellyfin-analysis-plugin/61a4b61b-0cfc-4ec1-a587-c23f101e2b45/scratchpad/wt-main/tests/Jellyfin.Plugin.AetherAnalysis.Tests/bin/Debug/net10.0/Jellyfin.Plugin.AetherAnalysis.Tests.dll" adapterTypeName="executor://xunit/VsTestRunner3/netcore/" className="Jellyfin.Plugin.AetherAnalysis.Tests.DraftServerAnalysisRunnerTests" name="RealSharedBundleProducesValidatedCompositionThroughTheHostAdapter" />
    </UnitTest>
    <UnitTest name="Jellyfin.Plugin.AetherAnalysis.Tests.DraftServerAnalysisRunnerTests.RealSharedBundleProducesValidatedCompositionThroughTheHostAdapter(profile: &quot;second-default&quot;, targetVersion: &quot;1.2.0&quot;)" storage="/private/tmp/claude-501/-users-marc-bauer-developer-aether-jellyfin-analysis-plugin/61a4b61b-0cfc-4ec1-a587-c23f101e2b45/scratchpad/wt-main/tests/jellyfin.plugin.aetheranalysis.tests/bin/debug/net10.0/jellyfin.plugin.aetheranalysis.tests.dll" id="d107670a-94e7-bd84-fb59-ab893366e853">
      <Execution id="9eb2f6b8-1e76-49ca-83ab-aef53c3cb85c" />
      <TestMethod codeBase="/private/tmp/claude-501/-Users-Marc-Bauer-Developer-aether-jellyfin-analysis-plugin/61a4b61b-0cfc-4ec1-a587-c23f101e2b45/scratchpad/wt-main/tests/Jellyfin.Plugin.AetherAnalysis.Tests/bin/Debug/net10.0/Jellyfin.Plugin.AetherAnalysis.Tests.dll" adapterTypeName="executor://xunit/VsTestRunner3/netcore/" className="Jellyfin.Plugin.AetherAnalysis.Tests.DraftServerAnalysisRunnerTests" name="RealSharedBundleProducesValidatedCompositionThroughTheHostAdapter" />
    </UnitTest>
    <UnitTest name="Jellyfin.Plugin.AetherAnalysis.Tests.DraftServerAnalysisRunnerTests.RealSharedBundleProducesValidatedCompositionThroughTheHostAdapter(profile: &quot;available&quot;, targetVersion: &quot;1.2.0-draft&quot;)" storage="/private/tmp/claude-501/-users-marc-bauer-developer-aether-jellyfin-analysis-plugin/61a4b61b-0cfc-4ec1-a587-c23f101e2b45/scratchpad/wt-main/tests/jellyfin.plugin.aetheranalysis.tests/bin/debug/net10.0/jellyfin.plugin.aetheranalysis.tests.dll" id="488228de-ec1c-10cf-3069-1ac8655c64c3">
      <Execution id="63c5f768-f069-4a42-99e6-d92e420f5b07" />
      <TestMethod codeBase="/private/tmp/claude-501/-Users-Marc-Bauer-Developer-aether-jellyfin-analysis-plugin/61a4b61b-0cfc-4ec1-a587-c23f101e2b45/scratchpad/wt-main/tests/Jellyfin.Plugin.AetherAnalysis.Tests/bin/Debug/net10.0/Jellyfin.Plugin.AetherAnalysis.Tests.dll" adapterTypeName="executor://xunit/VsTestRunner3/netcore/" className="Jellyfin.Plugin.AetherAnalysis.Tests.DraftServerAnalysisRunnerTests" name="RealSharedBundleProducesValidatedCompositionThroughTheHostAdapter" />
    </UnitTest>
    <UnitTest name="Jellyfin.Plugin.AetherAnalysis.Tests.DraftServerAnalysisRunnerTests.RealSharedBundleProducesValidatedCompositionThroughTheHostAdapter(profile: &quot;second-default&quot;, targetVersion: &quot;1.2.0-draft&quot;)" storage="/private/tmp/claude-501/-users-marc-bauer-developer-aether-jellyfin-analysis-plugin/61a4b61b-0cfc-4ec1-a587-c23f101e2b45/scratchpad/wt-main/tests/jellyfin.plugin.aetheranalysis.tests/bin/debug/net10.0/jellyfin.plugin.aetheranalysis.tests.dll" id="3bde27f0-0355-d725-d49d-69d732c6d243">
      <Execution id="3818d5d9-d894-42d1-a358-f3e346b678d3" />
      <TestMethod codeBase="/private/tmp/claude-501/-Users-Marc-Bauer-Developer-aether-jellyfin-analysis-plugin/61a4b61b-0cfc-4ec1-a587-c23f101e2b45/scratchpad/wt-main/tests/Jellyfin.Plugin.AetherAnalysis.Tests/bin/Debug/net10.0/Jellyfin.Plugin.AetherAnalysis.Tests.dll" adapterTypeName="executor://xunit/VsTestRunner3/netcore/" className="Jellyfin.Plugin.AetherAnalysis.Tests.DraftServerAnalysisRunnerTests" name="RealSharedBundleProducesValidatedCompositionThroughTheHostAdapter" />
    </UnitTest>
    <UnitTest name="Jellyfin.Plugin.AetherAnalysis.Tests.DraftServerAnalysisRunnerTests.RealSharedBundleProducesValidatedCompositionThroughTheHostAdapter(profile: &quot;no-track&quot;, targetVersion: &quot;1.2.0-draft&quot;)" storage="/private/tmp/claude-501/-users-marc-bauer-developer-aether-jellyfin-analysis-plugin/61a4b61b-0cfc-4ec1-a587-c23f101e2b45/scratchpad/wt-main/tests/jellyfin.plugin.aetheranalysis.tests/bin/debug/net10.0/jellyfin.plugin.aetheranalysis.tests.dll" id="75d47d75-2f01-4d1d-dd70-8e01d1d6e9c8">
      <Execution id="05cc31d0-a065-4b1d-9574-6d11e026f7db" />
      <TestMethod codeBase="/private/tmp/claude-501/-Users-Marc-Bauer-Developer-aether-jellyfin-analysis-plugin/61a4b61b-0cfc-4ec1-a587-c23f101e2b45/scratchpad/wt-main/tests/Jellyfin.Plugin.AetherAnalysis.Tests/bin/Debug/net10.0/Jellyfin.Plugin.AetherAnalysis.Tests.dll" adapterTypeName="executor://xunit/VsTestRunner3/netcore/" className="Jellyfin.Plugin.AetherAnalysis.Tests.DraftServerAnalysisRunnerTests" name="RealSharedBundleProducesValidatedCompositionThroughTheHostAdapter" />
    </UnitTest>
  </TestDefinitions>
  <TestEntries>
    <TestEntry testId="3bde27f0-0355-d725-d49d-69d732c6d243" executionId="3818d5d9-d894-42d1-a358-f3e346b678d3" testListId="8c84fa94-04c1-424b-9868-57a2d4851a1d" />
    <TestEntry testId="75d47d75-2f01-4d1d-dd70-8e01d1d6e9c8" executionId="05cc31d0-a065-4b1d-9574-6d11e026f7db" testListId="8c84fa94-04c1-424b-9868-57a2d4851a1d" />
    <TestEntry testId="b03b3a08-a4bd-d713-e900-25e633576761" executionId="fee75294-2e91-4ee5-ae1c-f5b465fd49ba" testListId="8c84fa94-04c1-424b-9868-57a2d4851a1d" />
    <TestEntry testId="d107670a-94e7-bd84-fb59-ab893366e853" executionId="9eb2f6b8-1e76-49ca-83ab-aef53c3cb85c" testListId="8c84fa94-04c1-424b-9868-57a2d4851a1d" />
    <TestEntry testId="940ac5ef-11ed-0ef6-b056-0a81646cd7b6" executionId="c6b7e5fc-518f-45e5-b601-80770ee99596" testListId="8c84fa94-04c1-424b-9868-57a2d4851a1d" />
    <TestEntry testId="488228de-ec1c-10cf-3069-1ac8655c64c3" executionId="63c5f768-f069-4a42-99e6-d92e420f5b07" testListId="8c84fa94-04c1-424b-9868-57a2d4851a1d" />
  </TestEntries>
  <TestLists>
    <TestList name="Ergebnisse nicht in einer Liste" id="8c84fa94-04c1-424b-9868-57a2d4851a1d" />
    <TestList name="Alle geladenen Ergebnisse" id="19431567-8539-422a-85d7-44ee4e166bda" />
  </TestLists>
  <ResultSummary outcome="Failed">
    <Counters total="6" executed="6" passed="2" failed="4" error="0" timeout="0" aborted="0" inconclusive="0" passedButRunAborted="0" notRunnable="0" notExecuted="0" disconnected="0" warning="0" completed="0" inProgress="0" pending="0" />
    <Output>
      <StdOut>[xUnit.net 00:00:00.00] xUnit.net VSTest Adapter v3.1.5+1b188a7b0a (64-bit .NET 10.0.11)
[xUnit.net 00:00:00.03]   Discovering: Jellyfin.Plugin.AetherAnalysis.Tests
[xUnit.net 00:00:00.06]   Discovered:  Jellyfin.Plugin.AetherAnalysis.Tests
[xUnit.net 00:00:00.07]   Starting:    Jellyfin.Plugin.AetherAnalysis.Tests
[xUnit.net 00:00:00.92]       System.IO.InvalidDataException : legacy-counters
[xUnit.net 00:00:00.92]       Stack Trace:
[xUnit.net 00:00:00.92]            at Jellyfin.Plugin.AetherAnalysis.Application.Draft.DraftAnalysisArtifactValidator.Check(Boolean condition, String error)
[xUnit.net 00:00:00.92]            at Jellyfin.Plugin.AetherAnalysis.Application.Draft.DraftAnalysisArtifactValidator.Legacy(JsonElement audio, DraftArtifactContext context)
[xUnit.net 00:00:00.92]            at Jellyfin.Plugin.AetherAnalysis.Application.Draft.DraftAnalysisArtifactValidator.Audio(JsonElement audio, JsonElement representation, JsonElement provenance, DraftArtifactContext context, String revision)
[xUnit.net 00:00:00.92]            at Jellyfin.Plugin.AetherAnalysis.Application.Draft.DraftAnalysisArtifactValidator.Validate(ReadOnlyMemory`1 json, DraftArtifactContext context, String expectedMode)
[xUnit.net 00:00:00.92]            at Jellyfin.Plugin.AetherAnalysis.Application.Draft.DraftAnalysisCompositionSession.StageAsync(String mode, Stream input, CancellationToken cancellationToken)
[xUnit.net 00:00:00.92]            at Jellyfin.Plugin.AetherAnalysis.Application.Draft.DraftServerAnalysisRunner.AnalyzeCoreAsync(Guid itemId, String mediaSourceId, Nullable`1 requestedFfmpegStreamIndex, Boolean recalculate, CancellationToken cancellationToken)
[xUnit.net 00:00:00.92]            at Jellyfin.Plugin.AetherAnalysis.Application.Draft.DraftServerAnalysisRunner.AnalyzeCoreAsync(Guid itemId, String mediaSourceId, Nullable`1 requestedFfmpegStreamIndex, Boolean recalculate, CancellationToken cancellationToken)
[xUnit.net 00:00:00.92]            at Jellyfin.Plugin.AetherAnalysis.Application.Draft.DraftServerAnalysisRunner.AnalyzeCoreAsync(Guid itemId, String mediaSourceId, Nullable`1 requestedFfmpegStreamIndex, Boolean recalculate, CancellationToken cancellationToken)
[xUnit.net 00:00:00.92]         /private/tmp/claude-501/-Users-Marc-Bauer-Developer-aether-jellyfin-analysis-plugin/61a4b61b-0cfc-4ec1-a587-c23f101e2b45/scratchpad/wt-main/tests/Jellyfin.Plugin.AetherAnalysis.Tests/DraftServerAnalysisRunnerTests.cs(476,0): at Jellyfin.Plugin.AetherAnalysis.Tests.DraftServerAnalysisRunnerTests.RealSharedBundleProducesValidatedCompositionThroughTheHostAdapter(String profile, String targetVersion)
[xUnit.net 00:00:00.92]         /private/tmp/claude-501/-Users-Marc-Bauer-Developer-aether-jellyfin-analysis-plugin/61a4b61b-0cfc-4ec1-a587-c23f101e2b45/scratchpad/wt-main/tests/Jellyfin.Plugin.AetherAnalysis.Tests/DraftServerAnalysisRunnerTests.cs(499,0): at Jellyfin.Plugin.AetherAnalysis.Tests.DraftServerAnalysisRunnerTests.RealSharedBundleProducesValidatedCompositionThroughTheHostAdapter(String profile, String targetVersion)
[xUnit.net 00:00:00.92]         --- End of stack trace from previous location ---
[xUnit.net 00:00:01.31]       System.IO.InvalidDataException : legacy-counters
[xUnit.net 00:00:01.31]       Stack Trace:
[xUnit.net 00:00:01.31]            at Jellyfin.Plugin.AetherAnalysis.Application.Draft.DraftAnalysisArtifactValidator.Check(Boolean condition, String error)
[xUnit.net 00:00:01.31]            at Jellyfin.Plugin.AetherAnalysis.Application.Draft.DraftAnalysisArtifactValidator.Legacy(JsonElement audio, DraftArtifactContext context)
[xUnit.net 00:00:01.31]            at Jellyfin.Plugin.AetherAnalysis.Application.Draft.DraftAnalysisArtifactValidator.Audio(JsonElement audio, JsonElement representation, JsonElement provenance, DraftArtifactContext context, String revision)
[xUnit.net 00:00:01.31]            at Jellyfin.Plugin.AetherAnalysis.Application.Draft.DraftAnalysisArtifactValidator.Validate(ReadOnlyMemory`1 json, DraftArtifactContext context, String expectedMode)
[xUnit.net 00:00:01.31]            at Jellyfin.Plugin.AetherAnalysis.Application.Draft.DraftAnalysisCompositionSession.StageAsync(String mode, Stream input, CancellationToken cancellationToken)
[xUnit.net 00:00:01.31]            at Jellyfin.Plugin.AetherAnalysis.Application.Draft.DraftServerAnalysisRunner.AnalyzeCoreAsync(Guid itemId, String mediaSourceId, Nullable`1 requestedFfmpegStreamIndex, Boolean recalculate, CancellationToken cancellationToken)
[xUnit.net 00:00:01.31]            at Jellyfin.Plugin.AetherAnalysis.Application.Draft.DraftServerAnalysisRunner.AnalyzeCoreAsync(Guid itemId, String mediaSourceId, Nullable`1 requestedFfmpegStreamIndex, Boolean recalculate, CancellationToken cancellationToken)
[xUnit.net 00:00:01.31]            at Jellyfin.Plugin.AetherAnalysis.Application.Draft.DraftServerAnalysisRunner.AnalyzeCoreAsync(Guid itemId, String mediaSourceId, Nullable`1 requestedFfmpegStreamIndex, Boolean recalculate, CancellationToken cancellationToken)
[xUnit.net 00:00:01.31]         /private/tmp/claude-501/-Users-Marc-Bauer-Developer-aether-jellyfin-analysis-plugin/61a4b61b-0cfc-4ec1-a587-c23f101e2b45/scratchpad/wt-main/tests/Jellyfin.Plugin.AetherAnalysis.Tests/DraftServerAnalysisRunnerTests.cs(476,0): at Jellyfin.Plugin.AetherAnalysis.Tests.DraftServerAnalysisRunnerTests.RealSharedBundleProducesValidatedCompositionThroughTheHostAdapter(String profile, String targetVersion)
[xUnit.net 00:00:01.31]         /private/tmp/claude-501/-Users-Marc-Bauer-Developer-aether-jellyfin-analysis-plugin/61a4b61b-0cfc-4ec1-a587-c23f101e2b45/scratchpad/wt-main/tests/Jellyfin.Plugin.AetherAnalysis.Tests/DraftServerAnalysisRunnerTests.cs(499,0): at Jellyfin.Plugin.AetherAnalysis.Tests.DraftServerAnalysisRunnerTests.RealSharedBundleProducesValidatedCompositionThroughTheHostAdapter(String profile, String targetVersion)
[xUnit.net 00:00:01.31]         --- End of stack trace from previous location ---
[xUnit.net 00:00:01.70]       System.IO.InvalidDataException : legacy-counters
[xUnit.net 00:00:01.70]       Stack Trace:
[xUnit.net 00:00:01.70]            at Jellyfin.Plugin.AetherAnalysis.Application.Draft.DraftAnalysisArtifactValidator.Check(Boolean condition, String error)
[xUnit.net 00:00:01.70]            at Jellyfin.Plugin.AetherAnalysis.Application.Draft.DraftAnalysisArtifactValidator.Legacy(JsonElement audio, DraftArtifactContext context)
[xUnit.net 00:00:01.70]            at Jellyfin.Plugin.AetherAnalysis.Application.Draft.DraftAnalysisArtifactValidator.Audio(JsonElement audio, JsonElement representation, JsonElement provenance, DraftArtifactContext context, String revision)
[xUnit.net 00:00:01.70]            at Jellyfin.Plugin.AetherAnalysis.Application.Draft.DraftAnalysisArtifactValidator.Validate(ReadOnlyMemory`1 json, DraftArtifactContext context, String expectedMode)
[xUnit.net 00:00:01.70]            at Jellyfin.Plugin.AetherAnalysis.Application.Draft.DraftAnalysisCompositionSession.StageAsync(String mode, Stream input, CancellationToken cancellationToken)
[xUnit.net 00:00:01.70]            at Jellyfin.Plugin.AetherAnalysis.Application.Draft.DraftServerAnalysisRunner.AnalyzeCoreAsync(Guid itemId, String mediaSourceId, Nullable`1 requestedFfmpegStreamIndex, Boolean recalculate, CancellationToken cancellationToken)
[xUnit.net 00:00:01.70]            at Jellyfin.Plugin.AetherAnalysis.Application.Draft.DraftServerAnalysisRunner.AnalyzeCoreAsync(Guid itemId, String mediaSourceId, Nullable`1 requestedFfmpegStreamIndex, Boolean recalculate, CancellationToken cancellationToken)
[xUnit.net 00:00:01.70]            at Jellyfin.Plugin.AetherAnalysis.Application.Draft.DraftServerAnalysisRunner.AnalyzeCoreAsync(Guid itemId, String mediaSourceId, Nullable`1 requestedFfmpegStreamIndex, Boolean recalculate, CancellationToken cancellationToken)
[xUnit.net 00:00:01.70]         /private/tmp/claude-501/-Users-Marc-Bauer-Developer-aether-jellyfin-analysis-plugin/61a4b61b-0cfc-4ec1-a587-c23f101e2b45/scratchpad/wt-main/tests/Jellyfin.Plugin.AetherAnalysis.Tests/DraftServerAnalysisRunnerTests.cs(476,0): at Jellyfin.Plugin.AetherAnalysis.Tests.DraftServerAnalysisRunnerTests.RealSharedBundleProducesValidatedCompositionThroughTheHostAdapter(String profile, String targetVersion)
[xUnit.net 00:00:01.70]         /private/tmp/claude-501/-Users-Marc-Bauer-Developer-aether-jellyfin-analysis-plugin/61a4b61b-0cfc-4ec1-a587-c23f101e2b45/scratchpad/wt-main/tests/Jellyfin.Plugin.AetherAnalysis.Tests/DraftServerAnalysisRunnerTests.cs(499,0): at Jellyfin.Plugin.AetherAnalysis.Tests.DraftServerAnalysisRunnerTests.RealSharedBundleProducesValidatedCompositionThroughTheHostAdapter(String profile, String targetVersion)
[xUnit.net 00:00:01.70]         --- End of stack trace from previous location ---
[xUnit.net 00:00:03.23]       System.IO.InvalidDataException : legacy-counters
[xUnit.net 00:00:03.23]       Stack Trace:
[xUnit.net 00:00:03.23]            at Jellyfin.Plugin.AetherAnalysis.Application.Draft.DraftAnalysisArtifactValidator.Check(Boolean condition, String error)
[xUnit.net 00:00:03.23]            at Jellyfin.Plugin.AetherAnalysis.Application.Draft.DraftAnalysisArtifactValidator.Legacy(JsonElement audio, DraftArtifactContext context)
[xUnit.net 00:00:03.23]            at Jellyfin.Plugin.AetherAnalysis.Application.Draft.DraftAnalysisArtifactValidator.Audio(JsonElement audio, JsonElement representation, JsonElement provenance, DraftArtifactContext context, String revision)
[xUnit.net 00:00:03.23]            at Jellyfin.Plugin.AetherAnalysis.Application.Draft.DraftAnalysisArtifactValidator.Validate(ReadOnlyMemory`1 json, DraftArtifactContext context, String expectedMode)
[xUnit.net 00:00:03.23]            at Jellyfin.Plugin.AetherAnalysis.Application.Draft.DraftAnalysisCompositionSession.StageAsync(String mode, Stream input, CancellationToken cancellationToken)
[xUnit.net 00:00:03.23]            at Jellyfin.Plugin.AetherAnalysis.Application.Draft.DraftServerAnalysisRunner.AnalyzeCoreAsync(Guid itemId, String mediaSourceId, Nullable`1 requestedFfmpegStreamIndex, Boolean recalculate, CancellationToken cancellationToken)
[xUnit.net 00:00:03.23]            at Jellyfin.Plugin.AetherAnalysis.Application.Draft.DraftServerAnalysisRunner.AnalyzeCoreAsync(Guid itemId, String mediaSourceId, Nullable`1 requestedFfmpegStreamIndex, Boolean recalculate, CancellationToken cancellationToken)
[xUnit.net 00:00:03.23]            at Jellyfin.Plugin.AetherAnalysis.Application.Draft.DraftServerAnalysisRunner.AnalyzeCoreAsync(Guid itemId, String mediaSourceId, Nullable`1 requestedFfmpegStreamIndex, Boolean recalculate, CancellationToken cancellationToken)
[xUnit.net 00:00:03.23]         /private/tmp/claude-501/-Users-Marc-Bauer-Developer-aether-jellyfin-analysis-plugin/61a4b61b-0cfc-4ec1-a587-c23f101e2b45/scratchpad/wt-main/tests/Jellyfin.Plugin.AetherAnalysis.Tests/DraftServerAnalysisRunnerTests.cs(476,0): at Jellyfin.Plugin.AetherAnalysis.Tests.DraftServerAnalysisRunnerTests.RealSharedBundleProducesValidatedCompositionThroughTheHostAdapter(String profile, String targetVersion)
[xUnit.net 00:00:03.23]         /private/tmp/claude-501/-Users-Marc-Bauer-Developer-aether-jellyfin-analysis-plugin/61a4b61b-0cfc-4ec1-a587-c23f101e2b45/scratchpad/wt-main/tests/Jellyfin.Plugin.AetherAnalysis.Tests/DraftServerAnalysisRunnerTests.cs(499,0): at Jellyfin.Plugin.AetherAnalysis.Tests.DraftServerAnalysisRunnerTests.RealSharedBundleProducesValidatedCompositionThroughTheHostAdapter(String profile, String targetVersion)
[xUnit.net 00:00:03.23]         --- End of stack trace from previous location ---
[xUnit.net 00:00:03.24]   Finished:    Jellyfin.Plugin.AetherAnalysis.Tests
</StdOut>
    </Output>
    <RunInfos>
      <RunInfo computerName="MB-JVV9WT2VJM" outcome="Error" timestamp="2026-10-05T23:42:27.6275330+02:00">
        <Text>[xUnit.net 00:00:00.92]     Jellyfin.Plugin.AetherAnalysis.Tests.DraftServerAnalysisRunnerTests.RealSharedBundleProducesValidatedCompositionThroughTheHostAdapter(profile: "second-default", targetVersion: "1.2.0") [FAIL]</Text>
      </RunInfo>
      <RunInfo computerName="MB-JVV9WT2VJM" outcome="Error" timestamp="2026-10-05T23:42:28.0217090+02:00">
        <Text>[xUnit.net 00:00:01.31]     Jellyfin.Plugin.AetherAnalysis.Tests.DraftServerAnalysisRunnerTests.RealSharedBundleProducesValidatedCompositionThroughTheHostAdapter(profile: "available", targetVersion: "1.2.0") [FAIL]</Text>
      </RunInfo>
      <RunInfo computerName="MB-JVV9WT2VJM" outcome="Error" timestamp="2026-10-05T23:42:28.4103340+02:00">
        <Text>[xUnit.net 00:00:01.70]     Jellyfin.Plugin.AetherAnalysis.Tests.DraftServerAnalysisRunnerTests.RealSharedBundleProducesValidatedCompositionThroughTheHostAdapter(profile: "second-default", targetVersion: "1.2.0-draft") [FAIL]</Text>
      </RunInfo>
      <RunInfo computerName="MB-JVV9WT2VJM" outcome="Error" timestamp="2026-10-05T23:42:29.9398010+02:00">
        <Text>[xUnit.net 00:00:03.23]     Jellyfin.Plugin.AetherAnalysis.Tests.DraftServerAnalysisRunnerTests.RealSharedBundleProducesValidatedCompositionThroughTheHostAdapter(profile: "available", targetVersion: "1.2.0-draft") [FAIL]</Text>
      </RunInfo>
    </RunInfos>
  </ResultSummary>
</TestRun>