<?xml version="1.0" encoding="utf-8"?>
<TestRun id="b54a127a-18d0-419e-a8c1-707ef11a6dfa" name="@MB-JVV9WT2VJM 2026-10-05 23:09:00" xmlns="http://microsoft.com/schemas/VisualStudio/TeamTest/2010">
  <Times creation="2026-10-05T23:09:00.9577470+02:00" queuing="2026-10-05T23:09:00.9577470+02:00" start="2026-10-05T23:08:57.7344830+02:00" finish="2026-10-05T23:09:03.1997630+02:00" />
  <TestSettings name="default" id="3f4d7828-596c-44ac-ab1a-6e3ba0bdde36">
    <Deployment runDeploymentRoot="_MB-JVV9WT2VJM_2026-10-05_23_09_00" />
  </TestSettings>
  <Results>
    <UnitTestResult executionId="ddeb85c2-d756-46d9-bb2f-d477b97a9cc6" testId="b03b3a08-a4bd-d713-e900-25e633576761" testName="Jellyfin.Plugin.AetherAnalysis.Tests.DraftServerAnalysisRunnerTests.RealSharedBundleProducesValidatedCompositionThroughTheHostAdapter(profile: &quot;available&quot;, targetVersion: &quot;1.2.0&quot;)" computerName="MB-JVV9WT2VJM" duration="00:00:01.1449917" startTime="2026-10-05T23:08:59.4752910+02:00" endTime="2026-10-05T23:09:00.6167010+02:00" testType="13cdc9d9-ddb5-4fa4-a97d-d965ccfc6d4b" outcome="Passed" testListId="8c84fa94-04c1-424b-9868-57a2d4851a1d" relativeResultsDirectory="ddeb85c2-d756-46d9-bb2f-d477b97a9cc6" />
    <UnitTestResult executionId="2d14a869-d2e0-4b5a-a359-01169fb9370a" testId="75d47d75-2f01-4d1d-dd70-8e01d1d6e9c8" testName="Jellyfin.Plugin.AetherAnalysis.Tests.DraftServerAnalysisRunnerTests.RealSharedBundleProducesValidatedCompositionThroughTheHostAdapter(profile: &quot;no-track&quot;, targetVersion: &quot;1.2.0-draft&quot;)" computerName="MB-JVV9WT2VJM" duration="00:00:00.5552532" startTime="2026-10-05T23:09:01.9385560+02:00" endTime="2026-10-05T23:09:02.4938370+02:00" testType="13cdc9d9-ddb5-4fa4-a97d-d965ccfc6d4b" outcome="Passed" testListId="8c84fa94-04c1-424b-9868-57a2d4851a1d" relativeResultsDirectory="2d14a869-d2e0-4b5a-a359-01169fb9370a" />
    <UnitTestResult executionId="a19ac074-e498-4066-9d09-bec3ba9d1c02" testId="940ac5ef-11ed-0ef6-b056-0a81646cd7b6" testName="Jellyfin.Plugin.AetherAnalysis.Tests.DraftServerAnalysisRunnerTests.RealSharedBundleProducesValidatedCompositionThroughTheHostAdapter(profile: &quot;no-track&quot;, targetVersion: &quot;1.2.0&quot;)" computerName="MB-JVV9WT2VJM" duration="00:00:00.5759695" startTime="2026-10-05T23:09:01.3624150+02:00" endTime="2026-10-05T23:09:01.9383890+02:00" testType="13cdc9d9-ddb5-4fa4-a97d-d965ccfc6d4b" outcome="Passed" testListId="8c84fa94-04c1-424b-9868-57a2d4851a1d" relativeResultsDirectory="a19ac074-e498-4066-9d09-bec3ba9d1c02" />
    <UnitTestResult executionId="99dd7873-9c15-430d-9b74-5a6310e77141" testId="3bde27f0-0355-d725-d49d-69d732c6d243" testName="Jellyfin.Plugin.AetherAnalysis.Tests.DraftServerAnalysisRunnerTests.RealSharedBundleProducesValidatedCompositionThroughTheHostAdapter(profile: &quot;second-default&quot;, targetVersion: &quot;1.2.0-draft&quot;)" computerName="MB-JVV9WT2VJM" duration="00:00:00.7452824" startTime="2026-10-05T23:09:00.6172500+02:00" endTime="2026-10-05T23:09:01.3622370+02:00" testType="13cdc9d9-ddb5-4fa4-a97d-d965ccfc6d4b" outcome="Passed" testListId="8c84fa94-04c1-424b-9868-57a2d4851a1d" relativeResultsDirectory="99dd7873-9c15-430d-9b74-5a6310e77141" />
    <UnitTestResult executionId="8e624e29-f130-4f55-96ca-747e22e891d4" testId="d107670a-94e7-bd84-fb59-ab893366e853" testName="Jellyfin.Plugin.AetherAnalysis.Tests.DraftServerAnalysisRunnerTests.RealSharedBundleProducesValidatedCompositionThroughTheHostAdapter(profile: &quot;second-default&quot;, targetVersion: &quot;1.2.0&quot;)" computerName="MB-JVV9WT2VJM" duration="00:00:01.4310803" startTime="2026-10-05T23:08:58.0370850+02:00" endTime="2026-10-05T23:08:59.4713870+02:00" testType="13cdc9d9-ddb5-4fa4-a97d-d965ccfc6d4b" outcome="Passed" testListId="8c84fa94-04c1-424b-9868-57a2d4851a1d" relativeResultsDirectory="8e624e29-f130-4f55-96ca-747e22e891d4" />
    <UnitTestResult executionId="032eb177-8149-48a7-9b33-de83449d3503" testId="488228de-ec1c-10cf-3069-1ac8655c64c3" testName="Jellyfin.Plugin.AetherAnalysis.Tests.DraftServerAnalysisRunnerTests.RealSharedBundleProducesValidatedCompositionThroughTheHostAdapter(profile: &quot;available&quot;, targetVersion: &quot;1.2.0-draft&quot;)" computerName="MB-JVV9WT2VJM" duration="00:00:00.6777907" startTime="2026-10-05T23:09:02.4939530+02:00" endTime="2026-10-05T23:09:03.1719390+02:00" testType="13cdc9d9-ddb5-4fa4-a97d-d965ccfc6d4b" outcome="Passed" testListId="8c84fa94-04c1-424b-9868-57a2d4851a1d" relativeResultsDirectory="032eb177-8149-48a7-9b33-de83449d3503" />
  </Results>
  <TestDefinitions>
    <UnitTest name="Jellyfin.Plugin.AetherAnalysis.Tests.DraftServerAnalysisRunnerTests.RealSharedBundleProducesValidatedCompositionThroughTheHostAdapter(profile: &quot;available&quot;, targetVersion: &quot;1.2.0&quot;)" storage="/users/marc.bauer/developer/aether-jellyfin-analysis-plugin/tests/jellyfin.plugin.aetheranalysis.tests/bin/debug/net10.0/jellyfin.plugin.aetheranalysis.tests.dll" id="b03b3a08-a4bd-d713-e900-25e633576761">
      <Execution id="ddeb85c2-d756-46d9-bb2f-d477b97a9cc6" />
      <TestMethod codeBase="/Users/Marc.Bauer/Developer/aether-jellyfin-analysis-plugin/tests/Jellyfin.Plugin.AetherAnalysis.Tests/bin/Debug/net10.0/Jellyfin.Plugin.AetherAnalysis.Tests.dll" adapterTypeName="executor://xunit/VsTestRunner3/netcore/" className="Jellyfin.Plugin.AetherAnalysis.Tests.DraftServerAnalysisRunnerTests" name="RealSharedBundleProducesValidatedCompositionThroughTheHostAdapter" />
    </UnitTest>
    <UnitTest name="Jellyfin.Plugin.AetherAnalysis.Tests.DraftServerAnalysisRunnerTests.RealSharedBundleProducesValidatedCompositionThroughTheHostAdapter(profile: &quot;no-track&quot;, targetVersion: &quot;1.2.0&quot;)" storage="/users/marc.bauer/developer/aether-jellyfin-analysis-plugin/tests/jellyfin.plugin.aetheranalysis.tests/bin/debug/net10.0/jellyfin.plugin.aetheranalysis.tests.dll" id="940ac5ef-11ed-0ef6-b056-0a81646cd7b6">
      <Execution id="a19ac074-e498-4066-9d09-bec3ba9d1c02" />
      <TestMethod codeBase="/Users/Marc.Bauer/Developer/aether-jellyfin-analysis-plugin/tests/Jellyfin.Plugin.AetherAnalysis.Tests/bin/Debug/net10.0/Jellyfin.Plugin.AetherAnalysis.Tests.dll" adapterTypeName="executor://xunit/VsTestRunner3/netcore/" className="Jellyfin.Plugin.AetherAnalysis.Tests.DraftServerAnalysisRunnerTests" name="RealSharedBundleProducesValidatedCompositionThroughTheHostAdapter" />
    </UnitTest>
    <UnitTest name="Jellyfin.Plugin.AetherAnalysis.Tests.DraftServerAnalysisRunnerTests.RealSharedBundleProducesValidatedCompositionThroughTheHostAdapter(profile: &quot;second-default&quot;, targetVersion: &quot;1.2.0&quot;)" storage="/users/marc.bauer/developer/aether-jellyfin-analysis-plugin/tests/jellyfin.plugin.aetheranalysis.tests/bin/debug/net10.0/jellyfin.plugin.aetheranalysis.tests.dll" id="d107670a-94e7-bd84-fb59-ab893366e853">
      <Execution id="8e624e29-f130-4f55-96ca-747e22e891d4" />
      <TestMethod codeBase="/Users/Marc.Bauer/Developer/aether-jellyfin-analysis-plugin/tests/Jellyfin.Plugin.AetherAnalysis.Tests/bin/Debug/net10.0/Jellyfin.Plugin.AetherAnalysis.Tests.dll" adapterTypeName="executor://xunit/VsTestRunner3/netcore/" className="Jellyfin.Plugin.AetherAnalysis.Tests.DraftServerAnalysisRunnerTests" name="RealSharedBundleProducesValidatedCompositionThroughTheHostAdapter" />
    </UnitTest>
    <UnitTest name="Jellyfin.Plugin.AetherAnalysis.Tests.DraftServerAnalysisRunnerTests.RealSharedBundleProducesValidatedCompositionThroughTheHostAdapter(profile: &quot;available&quot;, targetVersion: &quot;1.2.0-draft&quot;)" storage="/users/marc.bauer/developer/aether-jellyfin-analysis-plugin/tests/jellyfin.plugin.aetheranalysis.tests/bin/debug/net10.0/jellyfin.plugin.aetheranalysis.tests.dll" id="488228de-ec1c-10cf-3069-1ac8655c64c3">
      <Execution id="032eb177-8149-48a7-9b33-de83449d3503" />
      <TestMethod codeBase="/Users/Marc.Bauer/Developer/aether-jellyfin-analysis-plugin/tests/Jellyfin.Plugin.AetherAnalysis.Tests/bin/Debug/net10.0/Jellyfin.Plugin.AetherAnalysis.Tests.dll" adapterTypeName="executor://xunit/VsTestRunner3/netcore/" className="Jellyfin.Plugin.AetherAnalysis.Tests.DraftServerAnalysisRunnerTests" name="RealSharedBundleProducesValidatedCompositionThroughTheHostAdapter" />
    </UnitTest>
    <UnitTest name="Jellyfin.Plugin.AetherAnalysis.Tests.DraftServerAnalysisRunnerTests.RealSharedBundleProducesValidatedCompositionThroughTheHostAdapter(profile: &quot;second-default&quot;, targetVersion: &quot;1.2.0-draft&quot;)" storage="/users/marc.bauer/developer/aether-jellyfin-analysis-plugin/tests/jellyfin.plugin.aetheranalysis.tests/bin/debug/net10.0/jellyfin.plugin.aetheranalysis.tests.dll" id="3bde27f0-0355-d725-d49d-69d732c6d243">
      <Execution id="99dd7873-9c15-430d-9b74-5a6310e77141" />
      <TestMethod codeBase="/Users/Marc.Bauer/Developer/aether-jellyfin-analysis-plugin/tests/Jellyfin.Plugin.AetherAnalysis.Tests/bin/Debug/net10.0/Jellyfin.Plugin.AetherAnalysis.Tests.dll" adapterTypeName="executor://xunit/VsTestRunner3/netcore/" className="Jellyfin.Plugin.AetherAnalysis.Tests.DraftServerAnalysisRunnerTests" name="RealSharedBundleProducesValidatedCompositionThroughTheHostAdapter" />
    </UnitTest>
    <UnitTest name="Jellyfin.Plugin.AetherAnalysis.Tests.DraftServerAnalysisRunnerTests.RealSharedBundleProducesValidatedCompositionThroughTheHostAdapter(profile: &quot;no-track&quot;, targetVersion: &quot;1.2.0-draft&quot;)" storage="/users/marc.bauer/developer/aether-jellyfin-analysis-plugin/tests/jellyfin.plugin.aetheranalysis.tests/bin/debug/net10.0/jellyfin.plugin.aetheranalysis.tests.dll" id="75d47d75-2f01-4d1d-dd70-8e01d1d6e9c8">
      <Execution id="2d14a869-d2e0-4b5a-a359-01169fb9370a" />
      <TestMethod codeBase="/Users/Marc.Bauer/Developer/aether-jellyfin-analysis-plugin/tests/Jellyfin.Plugin.AetherAnalysis.Tests/bin/Debug/net10.0/Jellyfin.Plugin.AetherAnalysis.Tests.dll" adapterTypeName="executor://xunit/VsTestRunner3/netcore/" className="Jellyfin.Plugin.AetherAnalysis.Tests.DraftServerAnalysisRunnerTests" name="RealSharedBundleProducesValidatedCompositionThroughTheHostAdapter" />
    </UnitTest>
  </TestDefinitions>
  <TestEntries>
    <TestEntry testId="b03b3a08-a4bd-d713-e900-25e633576761" executionId="ddeb85c2-d756-46d9-bb2f-d477b97a9cc6" testListId="8c84fa94-04c1-424b-9868-57a2d4851a1d" />
    <TestEntry testId="75d47d75-2f01-4d1d-dd70-8e01d1d6e9c8" executionId="2d14a869-d2e0-4b5a-a359-01169fb9370a" testListId="8c84fa94-04c1-424b-9868-57a2d4851a1d" />
    <TestEntry testId="940ac5ef-11ed-0ef6-b056-0a81646cd7b6" executionId="a19ac074-e498-4066-9d09-bec3ba9d1c02" testListId="8c84fa94-04c1-424b-9868-57a2d4851a1d" />
    <TestEntry testId="3bde27f0-0355-d725-d49d-69d732c6d243" executionId="99dd7873-9c15-430d-9b74-5a6310e77141" testListId="8c84fa94-04c1-424b-9868-57a2d4851a1d" />
    <TestEntry testId="d107670a-94e7-bd84-fb59-ab893366e853" executionId="8e624e29-f130-4f55-96ca-747e22e891d4" testListId="8c84fa94-04c1-424b-9868-57a2d4851a1d" />
    <TestEntry testId="488228de-ec1c-10cf-3069-1ac8655c64c3" executionId="032eb177-8149-48a7-9b33-de83449d3503" testListId="8c84fa94-04c1-424b-9868-57a2d4851a1d" />
  </TestEntries>
  <TestLists>
    <TestList name="Ergebnisse nicht in einer Liste" id="8c84fa94-04c1-424b-9868-57a2d4851a1d" />
    <TestList name="Alle geladenen Ergebnisse" id="19431567-8539-422a-85d7-44ee4e166bda" />
  </TestLists>
  <ResultSummary outcome="Completed">
    <Counters total="6" executed="6" passed="6" failed="0" error="0" timeout="0" aborted="0" inconclusive="0" passedButRunAborted="0" notRunnable="0" notExecuted="0" disconnected="0" warning="0" completed="0" inProgress="0" pending="0" />
    <Output>
      <StdOut>[xUnit.net 00:00:00.00] xUnit.net VSTest Adapter v3.1.5+1b188a7b0a (64-bit .NET 10.0.11)
[xUnit.net 00:00:00.04]   Discovering: Jellyfin.Plugin.AetherAnalysis.Tests
[xUnit.net 00:00:00.08]   Discovered:  Jellyfin.Plugin.AetherAnalysis.Tests
[xUnit.net 00:00:00.09]   Starting:    Jellyfin.Plugin.AetherAnalysis.Tests
[xUnit.net 00:00:05.24]   Finished:    Jellyfin.Plugin.AetherAnalysis.Tests
</StdOut>
    </Output>
  </ResultSummary>
</TestRun>