<?xml version="1.0" encoding="utf-8"?>
<TestRun id="fdf47301-f1b2-47e1-bed1-aa574c536238" name="@MB-JVV9WT2VJM 2026-10-05 23:09:05" xmlns="http://microsoft.com/schemas/VisualStudio/TeamTest/2010">
  <Times creation="2026-10-05T23:09:05.5153270+02:00" queuing="2026-10-05T23:09:05.5153270+02:00" start="2026-10-05T23:09:03.8022640+02:00" finish="2026-10-05T23:09:08.8591810+02:00" />
  <TestSettings name="default" id="04a36665-2fa4-4baf-8279-30b633fcef6c">
    <Deployment runDeploymentRoot="_MB-JVV9WT2VJM_2026-10-05_23_09_05" />
  </TestSettings>
  <Results>
    <UnitTestResult executionId="66565c92-0ae8-430d-9484-eeada6cad576" testId="488228de-ec1c-10cf-3069-1ac8655c64c3" testName="Jellyfin.Plugin.AetherAnalysis.Tests.DraftServerAnalysisRunnerTests.RealSharedBundleProducesValidatedCompositionThroughTheHostAdapter(profile: &quot;available&quot;, targetVersion: &quot;1.2.0-draft&quot;)" computerName="MB-JVV9WT2VJM" duration="00:00:00.6940297" startTime="2026-10-05T23:09:08.1367290+02:00" endTime="2026-10-05T23:09:08.8307880+02:00" testType="13cdc9d9-ddb5-4fa4-a97d-d965ccfc6d4b" outcome="Passed" testListId="8c84fa94-04c1-424b-9868-57a2d4851a1d" relativeResultsDirectory="66565c92-0ae8-430d-9484-eeada6cad576" />
    <UnitTestResult executionId="e8dc8557-e54d-4914-b24c-cd5a2fb2acff" testId="940ac5ef-11ed-0ef6-b056-0a81646cd7b6" testName="Jellyfin.Plugin.AetherAnalysis.Tests.DraftServerAnalysisRunnerTests.RealSharedBundleProducesValidatedCompositionThroughTheHostAdapter(profile: &quot;no-track&quot;, targetVersion: &quot;1.2.0&quot;)" computerName="MB-JVV9WT2VJM" duration="00:00:00.5887736" startTime="2026-10-05T23:09:06.9801340+02:00" endTime="2026-10-05T23:09:07.5689250+02:00" testType="13cdc9d9-ddb5-4fa4-a97d-d965ccfc6d4b" outcome="Passed" testListId="8c84fa94-04c1-424b-9868-57a2d4851a1d" relativeResultsDirectory="e8dc8557-e54d-4914-b24c-cd5a2fb2acff" />
    <UnitTestResult executionId="6bc373d1-27d9-4f2b-a9af-e28a4a97ee28" testId="b03b3a08-a4bd-d713-e900-25e633576761" testName="Jellyfin.Plugin.AetherAnalysis.Tests.DraftServerAnalysisRunnerTests.RealSharedBundleProducesValidatedCompositionThroughTheHostAdapter(profile: &quot;available&quot;, targetVersion: &quot;1.2.0&quot;)" computerName="MB-JVV9WT2VJM" duration="00:00:00.8452851" startTime="2026-10-05T23:09:05.4276620+02:00" endTime="2026-10-05T23:09:06.2691870+02:00" testType="13cdc9d9-ddb5-4fa4-a97d-d965ccfc6d4b" outcome="Passed" testListId="8c84fa94-04c1-424b-9868-57a2d4851a1d" relativeResultsDirectory="6bc373d1-27d9-4f2b-a9af-e28a4a97ee28" />
    <UnitTestResult executionId="8fad2e3a-dff9-4922-b85b-1731ae5973cb" testId="3bde27f0-0355-d725-d49d-69d732c6d243" testName="Jellyfin.Plugin.AetherAnalysis.Tests.DraftServerAnalysisRunnerTests.RealSharedBundleProducesValidatedCompositionThroughTheHostAdapter(profile: &quot;second-default&quot;, targetVersion: &quot;1.2.0-draft&quot;)" computerName="MB-JVV9WT2VJM" duration="00:00:00.7106509" startTime="2026-10-05T23:09:06.2696420+02:00" endTime="2026-10-05T23:09:06.9799710+02:00" testType="13cdc9d9-ddb5-4fa4-a97d-d965ccfc6d4b" outcome="Passed" testListId="8c84fa94-04c1-424b-9868-57a2d4851a1d" relativeResultsDirectory="8fad2e3a-dff9-4922-b85b-1731ae5973cb" />
    <UnitTestResult executionId="03ffe309-e3ef-401c-8e0d-556699c1fbd2" testId="d107670a-94e7-bd84-fb59-ab893366e853" testName="Jellyfin.Plugin.AetherAnalysis.Tests.DraftServerAnalysisRunnerTests.RealSharedBundleProducesValidatedCompositionThroughTheHostAdapter(profile: &quot;second-default&quot;, targetVersion: &quot;1.2.0&quot;)" computerName="MB-JVV9WT2VJM" duration="00:00:01.3071858" startTime="2026-10-05T23:09:04.1129470+02:00" endTime="2026-10-05T23:09:05.4235890+02:00" testType="13cdc9d9-ddb5-4fa4-a97d-d965ccfc6d4b" outcome="Passed" testListId="8c84fa94-04c1-424b-9868-57a2d4851a1d" relativeResultsDirectory="03ffe309-e3ef-401c-8e0d-556699c1fbd2" />
    <UnitTestResult executionId="2b595e76-89c4-4a14-9fbd-0fa15e781838" testId="75d47d75-2f01-4d1d-dd70-8e01d1d6e9c8" testName="Jellyfin.Plugin.AetherAnalysis.Tests.DraftServerAnalysisRunnerTests.RealSharedBundleProducesValidatedCompositionThroughTheHostAdapter(profile: &quot;no-track&quot;, targetVersion: &quot;1.2.0-draft&quot;)" computerName="MB-JVV9WT2VJM" duration="00:00:00.5674117" startTime="2026-10-05T23:09:07.5690530+02:00" endTime="2026-10-05T23:09:08.1365910+02:00" testType="13cdc9d9-ddb5-4fa4-a97d-d965ccfc6d4b" outcome="Passed" testListId="8c84fa94-04c1-424b-9868-57a2d4851a1d" relativeResultsDirectory="2b595e76-89c4-4a14-9fbd-0fa15e781838" />
  </Results>
  <TestDefinitions>
    <UnitTest name="Jellyfin.Plugin.AetherAnalysis.Tests.DraftServerAnalysisRunnerTests.RealSharedBundleProducesValidatedCompositionThroughTheHostAdapter(profile: &quot;available&quot;, targetVersion: &quot;1.2.0&quot;)" storage="/users/marc.bauer/developer/aether-jellyfin-analysis-plugin/tests/jellyfin.plugin.aetheranalysis.tests/bin/debug/net10.0/jellyfin.plugin.aetheranalysis.tests.dll" id="b03b3a08-a4bd-d713-e900-25e633576761">
      <Execution id="6bc373d1-27d9-4f2b-a9af-e28a4a97ee28" />
      <TestMethod codeBase="/Users/Marc.Bauer/Developer/aether-jellyfin-analysis-plugin/tests/Jellyfin.Plugin.AetherAnalysis.Tests/bin/Debug/net10.0/Jellyfin.Plugin.AetherAnalysis.Tests.dll" adapterTypeName="executor://xunit/VsTestRunner3/netcore/" className="Jellyfin.Plugin.AetherAnalysis.Tests.DraftServerAnalysisRunnerTests" name="RealSharedBundleProducesValidatedCompositionThroughTheHostAdapter" />
    </UnitTest>
    <UnitTest name="Jellyfin.Plugin.AetherAnalysis.Tests.DraftServerAnalysisRunnerTests.RealSharedBundleProducesValidatedCompositionThroughTheHostAdapter(profile: &quot;no-track&quot;, targetVersion: &quot;1.2.0&quot;)" storage="/users/marc.bauer/developer/aether-jellyfin-analysis-plugin/tests/jellyfin.plugin.aetheranalysis.tests/bin/debug/net10.0/jellyfin.plugin.aetheranalysis.tests.dll" id="940ac5ef-11ed-0ef6-b056-0a81646cd7b6">
      <Execution id="e8dc8557-e54d-4914-b24c-cd5a2fb2acff" />
      <TestMethod codeBase="/Users/Marc.Bauer/Developer/aether-jellyfin-analysis-plugin/tests/Jellyfin.Plugin.AetherAnalysis.Tests/bin/Debug/net10.0/Jellyfin.Plugin.AetherAnalysis.Tests.dll" adapterTypeName="executor://xunit/VsTestRunner3/netcore/" className="Jellyfin.Plugin.AetherAnalysis.Tests.DraftServerAnalysisRunnerTests" name="RealSharedBundleProducesValidatedCompositionThroughTheHostAdapter" />
    </UnitTest>
    <UnitTest name="Jellyfin.Plugin.AetherAnalysis.Tests.DraftServerAnalysisRunnerTests.RealSharedBundleProducesValidatedCompositionThroughTheHostAdapter(profile: &quot;second-default&quot;, targetVersion: &quot;1.2.0&quot;)" storage="/users/marc.bauer/developer/aether-jellyfin-analysis-plugin/tests/jellyfin.plugin.aetheranalysis.tests/bin/debug/net10.0/jellyfin.plugin.aetheranalysis.tests.dll" id="d107670a-94e7-bd84-fb59-ab893366e853">
      <Execution id="03ffe309-e3ef-401c-8e0d-556699c1fbd2" />
      <TestMethod codeBase="/Users/Marc.Bauer/Developer/aether-jellyfin-analysis-plugin/tests/Jellyfin.Plugin.AetherAnalysis.Tests/bin/Debug/net10.0/Jellyfin.Plugin.AetherAnalysis.Tests.dll" adapterTypeName="executor://xunit/VsTestRunner3/netcore/" className="Jellyfin.Plugin.AetherAnalysis.Tests.DraftServerAnalysisRunnerTests" name="RealSharedBundleProducesValidatedCompositionThroughTheHostAdapter" />
    </UnitTest>
    <UnitTest name="Jellyfin.Plugin.AetherAnalysis.Tests.DraftServerAnalysisRunnerTests.RealSharedBundleProducesValidatedCompositionThroughTheHostAdapter(profile: &quot;available&quot;, targetVersion: &quot;1.2.0-draft&quot;)" storage="/users/marc.bauer/developer/aether-jellyfin-analysis-plugin/tests/jellyfin.plugin.aetheranalysis.tests/bin/debug/net10.0/jellyfin.plugin.aetheranalysis.tests.dll" id="488228de-ec1c-10cf-3069-1ac8655c64c3">
      <Execution id="66565c92-0ae8-430d-9484-eeada6cad576" />
      <TestMethod codeBase="/Users/Marc.Bauer/Developer/aether-jellyfin-analysis-plugin/tests/Jellyfin.Plugin.AetherAnalysis.Tests/bin/Debug/net10.0/Jellyfin.Plugin.AetherAnalysis.Tests.dll" adapterTypeName="executor://xunit/VsTestRunner3/netcore/" className="Jellyfin.Plugin.AetherAnalysis.Tests.DraftServerAnalysisRunnerTests" name="RealSharedBundleProducesValidatedCompositionThroughTheHostAdapter" />
    </UnitTest>
    <UnitTest name="Jellyfin.Plugin.AetherAnalysis.Tests.DraftServerAnalysisRunnerTests.RealSharedBundleProducesValidatedCompositionThroughTheHostAdapter(profile: &quot;second-default&quot;, targetVersion: &quot;1.2.0-draft&quot;)" storage="/users/marc.bauer/developer/aether-jellyfin-analysis-plugin/tests/jellyfin.plugin.aetheranalysis.tests/bin/debug/net10.0/jellyfin.plugin.aetheranalysis.tests.dll" id="3bde27f0-0355-d725-d49d-69d732c6d243">
      <Execution id="8fad2e3a-dff9-4922-b85b-1731ae5973cb" />
      <TestMethod codeBase="/Users/Marc.Bauer/Developer/aether-jellyfin-analysis-plugin/tests/Jellyfin.Plugin.AetherAnalysis.Tests/bin/Debug/net10.0/Jellyfin.Plugin.AetherAnalysis.Tests.dll" adapterTypeName="executor://xunit/VsTestRunner3/netcore/" className="Jellyfin.Plugin.AetherAnalysis.Tests.DraftServerAnalysisRunnerTests" name="RealSharedBundleProducesValidatedCompositionThroughTheHostAdapter" />
    </UnitTest>
    <UnitTest name="Jellyfin.Plugin.AetherAnalysis.Tests.DraftServerAnalysisRunnerTests.RealSharedBundleProducesValidatedCompositionThroughTheHostAdapter(profile: &quot;no-track&quot;, targetVersion: &quot;1.2.0-draft&quot;)" storage="/users/marc.bauer/developer/aether-jellyfin-analysis-plugin/tests/jellyfin.plugin.aetheranalysis.tests/bin/debug/net10.0/jellyfin.plugin.aetheranalysis.tests.dll" id="75d47d75-2f01-4d1d-dd70-8e01d1d6e9c8">
      <Execution id="2b595e76-89c4-4a14-9fbd-0fa15e781838" />
      <TestMethod codeBase="/Users/Marc.Bauer/Developer/aether-jellyfin-analysis-plugin/tests/Jellyfin.Plugin.AetherAnalysis.Tests/bin/Debug/net10.0/Jellyfin.Plugin.AetherAnalysis.Tests.dll" adapterTypeName="executor://xunit/VsTestRunner3/netcore/" className="Jellyfin.Plugin.AetherAnalysis.Tests.DraftServerAnalysisRunnerTests" name="RealSharedBundleProducesValidatedCompositionThroughTheHostAdapter" />
    </UnitTest>
  </TestDefinitions>
  <TestEntries>
    <TestEntry testId="488228de-ec1c-10cf-3069-1ac8655c64c3" executionId="66565c92-0ae8-430d-9484-eeada6cad576" testListId="8c84fa94-04c1-424b-9868-57a2d4851a1d" />
    <TestEntry testId="940ac5ef-11ed-0ef6-b056-0a81646cd7b6" executionId="e8dc8557-e54d-4914-b24c-cd5a2fb2acff" testListId="8c84fa94-04c1-424b-9868-57a2d4851a1d" />
    <TestEntry testId="b03b3a08-a4bd-d713-e900-25e633576761" executionId="6bc373d1-27d9-4f2b-a9af-e28a4a97ee28" testListId="8c84fa94-04c1-424b-9868-57a2d4851a1d" />
    <TestEntry testId="3bde27f0-0355-d725-d49d-69d732c6d243" executionId="8fad2e3a-dff9-4922-b85b-1731ae5973cb" testListId="8c84fa94-04c1-424b-9868-57a2d4851a1d" />
    <TestEntry testId="d107670a-94e7-bd84-fb59-ab893366e853" executionId="03ffe309-e3ef-401c-8e0d-556699c1fbd2" testListId="8c84fa94-04c1-424b-9868-57a2d4851a1d" />
    <TestEntry testId="75d47d75-2f01-4d1d-dd70-8e01d1d6e9c8" executionId="2b595e76-89c4-4a14-9fbd-0fa15e781838" testListId="8c84fa94-04c1-424b-9868-57a2d4851a1d" />
  </TestEntries>
  <TestLists>
    <TestList name="Ergebnisse nicht in einer Liste" id="8c84fa94-04c1-424b-9868-57a2d4851a1d" />
    <TestList name="Alle geladenen Ergebnisse" id="19431567-8539-422a-85d7-44ee4e166bda" />
  </TestLists>
  <ResultSummary outcome="Completed">
    <Counters total="6" executed="6" passed="6" failed="0" error="0" timeout="0" aborted="0" inconclusive="0" passedButRunAborted="0" notRunnable="0" notExecuted="0" disconnected="0" warning="0" completed="0" inProgress="0" pending="0" />
    <Output>
      <StdOut>[xUnit.net 00:00:00.00] xUnit.net VSTest Adapter v3.1.5+1b188a7b0a (64-bit .NET 10.0.11)
[xUnit.net 00:00:00.04]   Discovering: Jellyfin.Plugin.AetherAnalysis.Tests
[xUnit.net 00:00:00.08]   Discovered:  Jellyfin.Plugin.AetherAnalysis.Tests
[xUnit.net 00:00:00.09]   Starting:    Jellyfin.Plugin.AetherAnalysis.Tests
[xUnit.net 00:00:04.82]   Finished:    Jellyfin.Plugin.AetherAnalysis.Tests
</StdOut>
    </Output>
  </ResultSummary>
</TestRun>