<?xml version="1.0" encoding="utf-8"?>
<TestRun id="d846cedd-374b-49cd-ad75-3a788b99b0e5" name="@MB-JVV9WT2VJM 2026-10-05 19:34:01" xmlns="http://microsoft.com/schemas/VisualStudio/TeamTest/2010">
  <Times creation="2026-10-05T19:34:01.6347790+02:00" queuing="2026-10-05T19:34:01.6347790+02:00" start="2026-10-05T19:33:59.9532160+02:00" finish="2026-10-05T19:34:04.3480150+02:00" />
  <TestSettings name="default" id="0b7d36cc-d0c5-4974-ad15-854d49db2eca">
    <Deployment runDeploymentRoot="_MB-JVV9WT2VJM_2026-10-05_19_34_01" />
  </TestSettings>
  <Results>
    <UnitTestResult executionId="34003c79-64ee-4177-b4ee-026f87964ac9" testId="488228de-ec1c-10cf-3069-1ac8655c64c3" testName="Jellyfin.Plugin.AetherAnalysis.Tests.DraftServerAnalysisRunnerTests.RealSharedBundleProducesValidatedCompositionThroughTheHostAdapter(profile: &quot;available&quot;, targetVersion: &quot;1.2.0-draft&quot;)" computerName="MB-JVV9WT2VJM" duration="00:00:00.6275937" startTime="2026-10-05T19:34:03.6945470+02:00" endTime="2026-10-05T19:34:04.3221950+02:00" testType="13cdc9d9-ddb5-4fa4-a97d-d965ccfc6d4b" outcome="Passed" testListId="8c84fa94-04c1-424b-9868-57a2d4851a1d" relativeResultsDirectory="34003c79-64ee-4177-b4ee-026f87964ac9" />
    <UnitTestResult executionId="10165214-c653-47a0-a59e-d706c3b5e5a2" testId="b03b3a08-a4bd-d713-e900-25e633576761" testName="Jellyfin.Plugin.AetherAnalysis.Tests.DraftServerAnalysisRunnerTests.RealSharedBundleProducesValidatedCompositionThroughTheHostAdapter(profile: &quot;available&quot;, targetVersion: &quot;1.2.0&quot;)" computerName="MB-JVV9WT2VJM" duration="00:00:00.6225746" startTime="2026-10-05T19:34:01.3805120+02:00" endTime="2026-10-05T19:34:01.9999450+02:00" testType="13cdc9d9-ddb5-4fa4-a97d-d965ccfc6d4b" outcome="Passed" testListId="8c84fa94-04c1-424b-9868-57a2d4851a1d" relativeResultsDirectory="10165214-c653-47a0-a59e-d706c3b5e5a2" />
    <UnitTestResult executionId="3606d4db-5f42-4b53-84bc-7b2a8832b677" testId="940ac5ef-11ed-0ef6-b056-0a81646cd7b6" testName="Jellyfin.Plugin.AetherAnalysis.Tests.DraftServerAnalysisRunnerTests.RealSharedBundleProducesValidatedCompositionThroughTheHostAdapter(profile: &quot;no-track&quot;, targetVersion: &quot;1.2.0&quot;)" computerName="MB-JVV9WT2VJM" duration="00:00:00.5151192" startTime="2026-10-05T19:34:02.6800380+02:00" endTime="2026-10-05T19:34:03.1951680+02:00" testType="13cdc9d9-ddb5-4fa4-a97d-d965ccfc6d4b" outcome="Passed" testListId="8c84fa94-04c1-424b-9868-57a2d4851a1d" relativeResultsDirectory="3606d4db-5f42-4b53-84bc-7b2a8832b677" />
    <UnitTestResult executionId="02be9ae0-7eee-4072-a917-635c057287de" testId="3bde27f0-0355-d725-d49d-69d732c6d243" testName="Jellyfin.Plugin.AetherAnalysis.Tests.DraftServerAnalysisRunnerTests.RealSharedBundleProducesValidatedCompositionThroughTheHostAdapter(profile: &quot;second-default&quot;, targetVersion: &quot;1.2.0-draft&quot;)" computerName="MB-JVV9WT2VJM" duration="00:00:00.6797693" startTime="2026-10-05T19:34:02.0003470+02:00" endTime="2026-10-05T19:34:02.6798720+02:00" testType="13cdc9d9-ddb5-4fa4-a97d-d965ccfc6d4b" outcome="Passed" testListId="8c84fa94-04c1-424b-9868-57a2d4851a1d" relativeResultsDirectory="02be9ae0-7eee-4072-a917-635c057287de" />
    <UnitTestResult executionId="1325f1f1-6fee-4a0c-aa89-a9003ad52e86" testId="d107670a-94e7-bd84-fb59-ab893366e853" testName="Jellyfin.Plugin.AetherAnalysis.Tests.DraftServerAnalysisRunnerTests.RealSharedBundleProducesValidatedCompositionThroughTheHostAdapter(profile: &quot;second-default&quot;, targetVersion: &quot;1.2.0&quot;)" computerName="MB-JVV9WT2VJM" duration="00:00:01.1587082" startTime="2026-10-05T19:34:00.2154350+02:00" endTime="2026-10-05T19:34:01.3770570+02:00" testType="13cdc9d9-ddb5-4fa4-a97d-d965ccfc6d4b" outcome="Passed" testListId="8c84fa94-04c1-424b-9868-57a2d4851a1d" relativeResultsDirectory="1325f1f1-6fee-4a0c-aa89-a9003ad52e86" />
    <UnitTestResult executionId="5848354a-30ed-425d-8e7a-6d468c86f4d7" testId="75d47d75-2f01-4d1d-dd70-8e01d1d6e9c8" testName="Jellyfin.Plugin.AetherAnalysis.Tests.DraftServerAnalysisRunnerTests.RealSharedBundleProducesValidatedCompositionThroughTheHostAdapter(profile: &quot;no-track&quot;, targetVersion: &quot;1.2.0-draft&quot;)" computerName="MB-JVV9WT2VJM" duration="00:00:00.4991192" startTime="2026-10-05T19:34:03.1952800+02:00" endTime="2026-10-05T19:34:03.6944320+02:00" testType="13cdc9d9-ddb5-4fa4-a97d-d965ccfc6d4b" outcome="Passed" testListId="8c84fa94-04c1-424b-9868-57a2d4851a1d" relativeResultsDirectory="5848354a-30ed-425d-8e7a-6d468c86f4d7" />
  </Results>
  <TestDefinitions>
    <UnitTest name="Jellyfin.Plugin.AetherAnalysis.Tests.DraftServerAnalysisRunnerTests.RealSharedBundleProducesValidatedCompositionThroughTheHostAdapter(profile: &quot;available&quot;, targetVersion: &quot;1.2.0&quot;)" storage="/users/marc.bauer/developer/aether-jellyfin-analysis-plugin/tests/jellyfin.plugin.aetheranalysis.tests/bin/debug/net10.0/jellyfin.plugin.aetheranalysis.tests.dll" id="b03b3a08-a4bd-d713-e900-25e633576761">
      <Execution id="10165214-c653-47a0-a59e-d706c3b5e5a2" />
      <TestMethod codeBase="/Users/Marc.Bauer/Developer/aether-jellyfin-analysis-plugin/tests/Jellyfin.Plugin.AetherAnalysis.Tests/bin/Debug/net10.0/Jellyfin.Plugin.AetherAnalysis.Tests.dll" adapterTypeName="executor://xunit/VsTestRunner3/netcore/" className="Jellyfin.Plugin.AetherAnalysis.Tests.DraftServerAnalysisRunnerTests" name="RealSharedBundleProducesValidatedCompositionThroughTheHostAdapter" />
    </UnitTest>
    <UnitTest name="Jellyfin.Plugin.AetherAnalysis.Tests.DraftServerAnalysisRunnerTests.RealSharedBundleProducesValidatedCompositionThroughTheHostAdapter(profile: &quot;no-track&quot;, targetVersion: &quot;1.2.0&quot;)" storage="/users/marc.bauer/developer/aether-jellyfin-analysis-plugin/tests/jellyfin.plugin.aetheranalysis.tests/bin/debug/net10.0/jellyfin.plugin.aetheranalysis.tests.dll" id="940ac5ef-11ed-0ef6-b056-0a81646cd7b6">
      <Execution id="3606d4db-5f42-4b53-84bc-7b2a8832b677" />
      <TestMethod codeBase="/Users/Marc.Bauer/Developer/aether-jellyfin-analysis-plugin/tests/Jellyfin.Plugin.AetherAnalysis.Tests/bin/Debug/net10.0/Jellyfin.Plugin.AetherAnalysis.Tests.dll" adapterTypeName="executor://xunit/VsTestRunner3/netcore/" className="Jellyfin.Plugin.AetherAnalysis.Tests.DraftServerAnalysisRunnerTests" name="RealSharedBundleProducesValidatedCompositionThroughTheHostAdapter" />
    </UnitTest>
    <UnitTest name="Jellyfin.Plugin.AetherAnalysis.Tests.DraftServerAnalysisRunnerTests.RealSharedBundleProducesValidatedCompositionThroughTheHostAdapter(profile: &quot;second-default&quot;, targetVersion: &quot;1.2.0&quot;)" storage="/users/marc.bauer/developer/aether-jellyfin-analysis-plugin/tests/jellyfin.plugin.aetheranalysis.tests/bin/debug/net10.0/jellyfin.plugin.aetheranalysis.tests.dll" id="d107670a-94e7-bd84-fb59-ab893366e853">
      <Execution id="1325f1f1-6fee-4a0c-aa89-a9003ad52e86" />
      <TestMethod codeBase="/Users/Marc.Bauer/Developer/aether-jellyfin-analysis-plugin/tests/Jellyfin.Plugin.AetherAnalysis.Tests/bin/Debug/net10.0/Jellyfin.Plugin.AetherAnalysis.Tests.dll" adapterTypeName="executor://xunit/VsTestRunner3/netcore/" className="Jellyfin.Plugin.AetherAnalysis.Tests.DraftServerAnalysisRunnerTests" name="RealSharedBundleProducesValidatedCompositionThroughTheHostAdapter" />
    </UnitTest>
    <UnitTest name="Jellyfin.Plugin.AetherAnalysis.Tests.DraftServerAnalysisRunnerTests.RealSharedBundleProducesValidatedCompositionThroughTheHostAdapter(profile: &quot;available&quot;, targetVersion: &quot;1.2.0-draft&quot;)" storage="/users/marc.bauer/developer/aether-jellyfin-analysis-plugin/tests/jellyfin.plugin.aetheranalysis.tests/bin/debug/net10.0/jellyfin.plugin.aetheranalysis.tests.dll" id="488228de-ec1c-10cf-3069-1ac8655c64c3">
      <Execution id="34003c79-64ee-4177-b4ee-026f87964ac9" />
      <TestMethod codeBase="/Users/Marc.Bauer/Developer/aether-jellyfin-analysis-plugin/tests/Jellyfin.Plugin.AetherAnalysis.Tests/bin/Debug/net10.0/Jellyfin.Plugin.AetherAnalysis.Tests.dll" adapterTypeName="executor://xunit/VsTestRunner3/netcore/" className="Jellyfin.Plugin.AetherAnalysis.Tests.DraftServerAnalysisRunnerTests" name="RealSharedBundleProducesValidatedCompositionThroughTheHostAdapter" />
    </UnitTest>
    <UnitTest name="Jellyfin.Plugin.AetherAnalysis.Tests.DraftServerAnalysisRunnerTests.RealSharedBundleProducesValidatedCompositionThroughTheHostAdapter(profile: &quot;second-default&quot;, targetVersion: &quot;1.2.0-draft&quot;)" storage="/users/marc.bauer/developer/aether-jellyfin-analysis-plugin/tests/jellyfin.plugin.aetheranalysis.tests/bin/debug/net10.0/jellyfin.plugin.aetheranalysis.tests.dll" id="3bde27f0-0355-d725-d49d-69d732c6d243">
      <Execution id="02be9ae0-7eee-4072-a917-635c057287de" />
      <TestMethod codeBase="/Users/Marc.Bauer/Developer/aether-jellyfin-analysis-plugin/tests/Jellyfin.Plugin.AetherAnalysis.Tests/bin/Debug/net10.0/Jellyfin.Plugin.AetherAnalysis.Tests.dll" adapterTypeName="executor://xunit/VsTestRunner3/netcore/" className="Jellyfin.Plugin.AetherAnalysis.Tests.DraftServerAnalysisRunnerTests" name="RealSharedBundleProducesValidatedCompositionThroughTheHostAdapter" />
    </UnitTest>
    <UnitTest name="Jellyfin.Plugin.AetherAnalysis.Tests.DraftServerAnalysisRunnerTests.RealSharedBundleProducesValidatedCompositionThroughTheHostAdapter(profile: &quot;no-track&quot;, targetVersion: &quot;1.2.0-draft&quot;)" storage="/users/marc.bauer/developer/aether-jellyfin-analysis-plugin/tests/jellyfin.plugin.aetheranalysis.tests/bin/debug/net10.0/jellyfin.plugin.aetheranalysis.tests.dll" id="75d47d75-2f01-4d1d-dd70-8e01d1d6e9c8">
      <Execution id="5848354a-30ed-425d-8e7a-6d468c86f4d7" />
      <TestMethod codeBase="/Users/Marc.Bauer/Developer/aether-jellyfin-analysis-plugin/tests/Jellyfin.Plugin.AetherAnalysis.Tests/bin/Debug/net10.0/Jellyfin.Plugin.AetherAnalysis.Tests.dll" adapterTypeName="executor://xunit/VsTestRunner3/netcore/" className="Jellyfin.Plugin.AetherAnalysis.Tests.DraftServerAnalysisRunnerTests" name="RealSharedBundleProducesValidatedCompositionThroughTheHostAdapter" />
    </UnitTest>
  </TestDefinitions>
  <TestEntries>
    <TestEntry testId="488228de-ec1c-10cf-3069-1ac8655c64c3" executionId="34003c79-64ee-4177-b4ee-026f87964ac9" testListId="8c84fa94-04c1-424b-9868-57a2d4851a1d" />
    <TestEntry testId="b03b3a08-a4bd-d713-e900-25e633576761" executionId="10165214-c653-47a0-a59e-d706c3b5e5a2" testListId="8c84fa94-04c1-424b-9868-57a2d4851a1d" />
    <TestEntry testId="940ac5ef-11ed-0ef6-b056-0a81646cd7b6" executionId="3606d4db-5f42-4b53-84bc-7b2a8832b677" testListId="8c84fa94-04c1-424b-9868-57a2d4851a1d" />
    <TestEntry testId="3bde27f0-0355-d725-d49d-69d732c6d243" executionId="02be9ae0-7eee-4072-a917-635c057287de" testListId="8c84fa94-04c1-424b-9868-57a2d4851a1d" />
    <TestEntry testId="d107670a-94e7-bd84-fb59-ab893366e853" executionId="1325f1f1-6fee-4a0c-aa89-a9003ad52e86" testListId="8c84fa94-04c1-424b-9868-57a2d4851a1d" />
    <TestEntry testId="75d47d75-2f01-4d1d-dd70-8e01d1d6e9c8" executionId="5848354a-30ed-425d-8e7a-6d468c86f4d7" testListId="8c84fa94-04c1-424b-9868-57a2d4851a1d" />
  </TestEntries>
  <TestLists>
    <TestList name="Ergebnisse nicht in einer Liste" id="8c84fa94-04c1-424b-9868-57a2d4851a1d" />
    <TestList name="Alle geladenen Ergebnisse" id="19431567-8539-422a-85d7-44ee4e166bda" />
  </TestLists>
  <ResultSummary outcome="Completed">
    <Counters total="6" executed="6" passed="6" failed="0" error="0" timeout="0" aborted="0" inconclusive="0" passedButRunAborted="0" notRunnable="0" notExecuted="0" disconnected="0" warning="0" completed="0" inProgress="0" pending="0" />
    <Output>
      <StdOut>[xUnit.net 00:00:00.00] xUnit.net VSTest Adapter v3.1.5+1b188a7b0a (64-bit .NET 10.0.11)
[xUnit.net 00:00:00.03]   Discovering: Jellyfin.Plugin.AetherAnalysis.Tests
[xUnit.net 00:00:00.06]   Discovered:  Jellyfin.Plugin.AetherAnalysis.Tests
[xUnit.net 00:00:00.07]   Starting:    Jellyfin.Plugin.AetherAnalysis.Tests
AETHER-DIAG plan=current-full-profile
AETHER-DIAG plan=current-full-profile
AETHER-DIAG plan=current-full-profile
AETHER-DIAG plan=current-full-profile
AETHER-DIAG plan=current-full-profile
AETHER-DIAG plan=current-full-profile
[xUnit.net 00:00:04.19]   Finished:    Jellyfin.Plugin.AetherAnalysis.Tests
</StdOut>
    </Output>
  </ResultSummary>
</TestRun>